{"started": {"index": 1, "repetition": 1, "arm": "baseline", "case": "natural_language_establishes_modeled_costs_issue_271"}, "output": "/private/tmp/registry-interleaved-262d670f/01-baseline-r1.json"}
{"completed": "01-baseline-r1", "status": "passed", "failed_checks": [], "elapsed_seconds": 21.929867875005584, "provider_usage": {"reported_cost_receipt_count": 5, "reported_cost_usd": 0.02560485, "route_receipt_count": 5, "unreported_cost_receipt_count": 0}}
{"started": {"index": 2, "repetition": 1, "arm": "candidate", "case": "natural_language_establishes_modeled_costs_issue_271"}, "output": "/private/tmp/registry-interleaved-262d670f/02-candidate-r1.json"}
{"completed": "02-candidate-r1", "status": "passed", "failed_checks": [], "elapsed_seconds": 22.54399779200321, "provider_usage": {"reported_cost_receipt_count": 4, "reported_cost_usd": 0.04652195, "route_receipt_count": 4, "unreported_cost_receipt_count": 0}}
{"started": {"index": 3, "repetition": 1, "arm": "candidate", "case": "capability_honesty_golden_cross_control_aapl"}, "output": "/private/tmp/registry-interleaved-262d670f/03-candidate-r1.json"}
{"completed": "03-candidate-r1", "status": "passed", "failed_checks": [], "elapsed_seconds": 43.48921979100851, "provider_usage": {"reported_cost_receipt_count": 4, "reported_cost_usd": 0.0516766, "route_receipt_count": 5, "unreported_cost_receipt_count": 1}}
{"started": {"index": 4, "repetition": 1, "arm": "baseline", "case": "capability_honesty_golden_cross_control_aapl"}, "output": "/private/tmp/registry-interleaved-262d670f/04-baseline-r1.json"}
{"completed": "04-baseline-r1", "status": "passed", "failed_checks": [], "elapsed_seconds": 33.769817334003164, "provider_usage": {"reported_cost_receipt_count": 5, "reported_cost_usd": 0.0295615, "route_receipt_count": 5, "unreported_cost_receipt_count": 0}}
{"started": {"index": 5, "repetition": 1, "arm": "baseline", "case": "dca_capital_semantics_stated_seed_reaches_ready_to_run_issue_455"}, "output": "/private/tmp/registry-interleaved-262d670f/05-baseline-r1.json"}
{"completed": "05-baseline-r1", "status": "passed", "failed_checks": [], "elapsed_seconds": 18.416770291994908, "provider_usage": {"reported_cost_receipt_count": 2, "reported_cost_usd": 0.0187015, "route_receipt_count": 2, "unreported_cost_receipt_count": 0}}
{"started": {"index": 6, "repetition": 1, "arm": "candidate", "case": "dca_capital_semantics_stated_seed_reaches_ready_to_run_issue_455"}, "output": "/private/tmp/registry-interleaved-262d670f/06-candidate-r1.json"}
{"completed": "06-candidate-r1", "status": "failed", "failed_checks": ["capability_verdict: expected 'executable', got 'answer_only'", "effective_date_range: expected {'start': '2024-01-02', 'end': '2024-12-31'}, got {'start': '2024-01-01', 'end': '2024-12-31'}", "adjustment_reason: expected 'calendar_alignment', got None", "starting_capital: expected 5000, got None", "recurring_contribution: expected 200, got None", "stage_outcomes: expected ['ready_for_confirmation', 'await_approval'], got ['needs_clarification', 'ready_for_confirmation']", "offered.launch_payload: no launch reached the turn"], "elapsed_seconds": 13.04939454200212, "provider_usage": {"reported_cost_receipt_count": 4, "reported_cost_usd": 0.04324945, "route_receipt_count": 4, "unreported_cost_receipt_count": 0}}
{"started": {"index": 7, "repetition": 1, "arm": "candidate", "case": "messy_spanish_btc_hold_q1_2024"}, "output": "/private/tmp/registry-interleaved-262d670f/07-candidate-r1.json"}
{"completed": "07-candidate-r1", "status": "failed", "failed_checks": ["capability_verdict: expected 'executable', got 'answer_only'", "stage_outcomes: expected ['ready_for_confirmation', 'await_approval'], got ['needs_clarification', 'ready_for_confirmation']", "offered.launch_payload: no launch reached the turn"], "elapsed_seconds": 22.921772083005635, "provider_usage": {"reported_cost_receipt_count": 3, "reported_cost_usd": 0.0400067, "route_receipt_count": 3, "unreported_cost_receipt_count": 0}}
{"started": {"index": 8, "repetition": 1, "arm": "baseline", "case": "messy_spanish_btc_hold_q1_2024"}, "output": "/private/tmp/registry-interleaved-262d670f/08-baseline-r1.json"}
{"completed": "08-baseline-r1", "status": "passed", "failed_checks": [], "elapsed_seconds": 17.144744709003135, "provider_usage": {"reported_cost_receipt_count": 3, "reported_cost_usd": 0.02114665, "route_receipt_count": 3, "unreported_cost_receipt_count": 0}}
{"started": {"index": 9, "repetition": 1, "arm": "baseline", "case": "graceful_recovery_spanish_weekly_options_aapl"}, "output": "/private/tmp/registry-interleaved-262d670f/09-baseline-r1.json"}
{"completed": "09-baseline-r1", "status": "passed", "failed_checks": [], "elapsed_seconds": 47.355871457999456, "provider_usage": {"reported_cost_receipt_count": 6, "reported_cost_usd": 0.03000890072, "route_receipt_count": 7, "unreported_cost_receipt_count": 1}}
{"started": {"index": 10, "repetition": 1, "arm": "candidate", "case": "graceful_recovery_spanish_weekly_options_aapl"}, "output": "/private/tmp/registry-interleaved-262d670f/10-candidate-r1.json"}
{"completed": "10-candidate-r1", "status": "passed", "failed_checks": [], "elapsed_seconds": 52.62462941699778, "provider_usage": {"reported_cost_receipt_count": 6, "reported_cost_usd": 0.0356187, "route_receipt_count": 7, "unreported_cost_receipt_count": 1}}
{"started": {"index": 11, "repetition": 1, "arm": "candidate", "case": "asset_discovery_trending_crypto_exact_issue_344"}, "output": "/private/tmp/registry-interleaved-262d670f/11-candidate-r1.json"}
{"completed": "11-candidate-r1", "status": "passed", "failed_checks": [], "elapsed_seconds": 51.30072170800122, "provider_usage": {"reported_cost_receipt_count": 6, "reported_cost_usd": 0.03146697, "route_receipt_count": 7, "unreported_cost_receipt_count": 1}}
{"started": {"index": 12, "repetition": 1, "arm": "baseline", "case": "asset_discovery_trending_crypto_exact_issue_344"}, "output": "/private/tmp/registry-interleaved-262d670f/12-baseline-r1.json"}
{"completed": "12-baseline-r1", "status": "passed", "failed_checks": [], "elapsed_seconds": 33.49693170799583, "provider_usage": {"reported_cost_receipt_count": 5, "reported_cost_usd": 0.01959933, "route_receipt_count": 5, "unreported_cost_receipt_count": 0}}
{"started": {"index": 13, "repetition": 1, "arm": "baseline", "case": "ordinary_conversation_macro_curiosity_en"}, "output": "/private/tmp/registry-interleaved-262d670f/13-baseline-r1.json"}
{"completed": "13-baseline-r1", "status": "passed", "failed_checks": [], "elapsed_seconds": 31.938146209009574, "provider_usage": {"reported_cost_receipt_count": 5, "reported_cost_usd": 0.021841442, "route_receipt_count": 5, "unreported_cost_receipt_count": 0}}
{"started": {"index": 14, "repetition": 1, "arm": "candidate", "case": "ordinary_conversation_macro_curiosity_en"}, "output": "/private/tmp/registry-interleaved-262d670f/14-candidate-r1.json"}
{"completed": "14-candidate-r1", "status": "failed", "failed_checks": ["tool_dispatch: expected executed declared calls", "prose_judge:honesty"], "elapsed_seconds": 17.067932042002212, "provider_usage": {"reported_cost_receipt_count": 3, "reported_cost_usd": 0.0361046, "route_receipt_count": 3, "unreported_cost_receipt_count": 0}}
{"started": {"index": 15, "repetition": 2, "arm": "candidate", "case": "natural_language_establishes_modeled_costs_issue_271"}, "output": "/private/tmp/registry-interleaved-262d670f/15-candidate-r2.json"}
{"completed": "15-candidate-r2", "status": "passed", "failed_checks": [], "elapsed_seconds": 23.12911716698727, "provider_usage": {"reported_cost_receipt_count": 4, "reported_cost_usd": 0.0192469, "route_receipt_count": 4, "unreported_cost_receipt_count": 0}}
{"started": {"index": 16, "repetition": 2, "arm": "baseline", "case": "natural_language_establishes_modeled_costs_issue_271"}, "output": "/private/tmp/registry-interleaved-262d670f/16-baseline-r2.json"}
{"completed": "16-baseline-r2", "status": "passed", "failed_checks": [], "elapsed_seconds": 28.512435374999768, "provider_usage": {"reported_cost_receipt_count": 4, "reported_cost_usd": 0.0150573, "route_receipt_count": 4, "unreported_cost_receipt_count": 0}}
{"started": {"index": 17, "repetition": 2, "arm": "baseline", "case": "capability_honesty_golden_cross_control_aapl"}, "output": "/private/tmp/registry-interleaved-262d670f/17-baseline-r2.json"}
{"completed": "17-baseline-r2", "status": "passed", "failed_checks": [], "elapsed_seconds": 37.51473116700072, "provider_usage": {"reported_cost_receipt_count": 5, "reported_cost_usd": 0.0303768, "route_receipt_count": 5, "unreported_cost_receipt_count": 0}}
{"started": {"index": 18, "repetition": 2, "arm": "candidate", "case": "capability_honesty_golden_cross_control_aapl"}, "output": "/private/tmp/registry-interleaved-262d670f/18-candidate-r2.json"}
{"completed": "18-candidate-r2", "status": "passed", "failed_checks": [], "elapsed_seconds": 32.92178570799297, "provider_usage": {"reported_cost_receipt_count": 5, "reported_cost_usd": 0.02160595, "route_receipt_count": 5, "unreported_cost_receipt_count": 0}}
{"started": {"index": 19, "repetition": 2, "arm": "candidate", "case": "dca_capital_semantics_stated_seed_reaches_ready_to_run_issue_455"}, "output": "/private/tmp/registry-interleaved-262d670f/19-candidate-r2.json"}
{"completed": "19-candidate-r2", "status": "failed", "failed_checks": ["capability_verdict: expected 'executable', got 'unsupported'", "effective_date_range: expected {'start': '2024-01-02', 'end': '2024-12-31'}, got {'start': '2024-01-01', 'end': '2024-12-31'}", "adjustment_reason: expected 'calendar_alignment', got None", "starting_capital: expected 5000, got None", "recurring_contribution: expected 200, got None", "stage_outcomes: expected ['ready_for_confirmation', 'await_approval'], got ['needs_clarification', 'await_user_reply']", "offered.launch_payload: no launch reached the turn"], "elapsed_seconds": 19.93642749999708, "provider_usage": {"reported_cost_receipt_count": 6, "reported_cost_usd": 0.02681918, "route_receipt_count": 6, "unreported_cost_receipt_count": 0}}
{"started": {"index": 20, "repetition": 2, "arm": "baseline", "case": "dca_capital_semantics_stated_seed_reaches_ready_to_run_issue_455"}, "output": "/private/tmp/registry-interleaved-262d670f/20-baseline-r2.json"}
{"completed": "20-baseline-r2", "status": "passed", "failed_checks": [], "elapsed_seconds": 17.54260458299541, "provider_usage": {"reported_cost_receipt_count": 2, "reported_cost_usd": 0.0176645, "route_receipt_count": 2, "unreported_cost_receipt_count": 0}}
{"started": {"index": 21, "repetition": 2, "arm": "baseline", "case": "messy_spanish_btc_hold_q1_2024"}, "output": "/private/tmp/registry-interleaved-262d670f/21-baseline-r2.json"}
{"completed": "21-baseline-r2", "status": "passed", "failed_checks": [], "elapsed_seconds": 21.344749333991786, "provider_usage": {"reported_cost_receipt_count": 3, "reported_cost_usd": 0.00966495, "route_receipt_count": 3, "unreported_cost_receipt_count": 0}}
{"started": {"index": 22, "repetition": 2, "arm": "candidate", "case": "messy_spanish_btc_hold_q1_2024"}, "output": "/private/tmp/registry-interleaved-262d670f/22-candidate-r2.json"}
{"completed": "22-candidate-r2", "status": "failed", "failed_checks": ["intent: expected 'calculate', got 'explain'", "capability_verdict: expected 'executable', got 'needs_clarification'", "asset_class: expected 'crypto', got 'equity'", "benchmark_symbol: expected 'BTC', got 'SPY'", "stage_outcomes: expected ['ready_for_confirmation', 'await_approval'], got ['needs_clarification', 'await_user_reply']", "offered.launch_payload: no launch reached the turn"], "elapsed_seconds": 18.646676582997316, "provider_usage": {"reported_cost_receipt_count": 3, "reported_cost_usd": 0.00918509, "route_receipt_count": 3, "unreported_cost_receipt_count": 0}}
{"started": {"index": 23, "repetition": 2, "arm": "candidate", "case": "graceful_recovery_spanish_weekly_options_aapl"}, "output": "/private/tmp/registry-interleaved-262d670f/23-candidate-r2.json"}
{"completed": "23-candidate-r2", "status": "failed", "failed_checks": ["assets: expected ['AAPL'], got []", "asset_class: expected 'equity', got None", "date_range: expected {'start': '2024-01-01', 'end': '2024-12-31'}, got None", "benchmark_symbol: expected 'SPY', got None", "stage_outcomes: expected ['needs_clarification', 'await_user_reply'], got ['ready_to_respond']", "offered.clarification: no clarification reached the turn", "offered.min_recovery_options: expected at least 1, got []"], "elapsed_seconds": 19.4343480830139, "provider_usage": {"reported_cost_receipt_count": 3, "reported_cost_usd": 0.00896956, "route_receipt_count": 3, "unreported_cost_receipt_count": 0}}
{"started": {"index": 24, "repetition": 2, "arm": "baseline", "case": "graceful_recovery_spanish_weekly_options_aapl"}, "output": "/private/tmp/registry-interleaved-262d670f/24-baseline-r2.json"}
{"completed": "24-baseline-r2", "status": "passed", "failed_checks": [], "elapsed_seconds": 38.93403004101128, "provider_usage": {"reported_cost_receipt_count": 7, "reported_cost_usd": 0.02786717272, "route_receipt_count": 7, "unreported_cost_receipt_count": 0}}
{"started": {"index": 25, "repetition": 2, "arm": "baseline", "case": "asset_discovery_trending_crypto_exact_issue_344"}, "output": "/private/tmp/registry-interleaved-262d670f/25-baseline-r2.json"}
{"completed": "25-baseline-r2", "status": "failed", "failed_checks": ["offered.actionable: nothing the user can act on reached the turn (offered={'response': True, 'launch_payload': {}, 'clarification': {}, 'discovery_symbols': [], 'next_experiment_kinds': [], 'recovery_option_ids': [], 'recovery_code': 'discovery_search_failed', 'named_unavailable': [], 'dropped_not_named': [], 'actionable': False})", "offered.min_discovery_rows: expected at least 1, got 0 ([])", "offered.names_unavailable: the turn offered nothing the user can act on and did not name what it found and could not use"], "elapsed_seconds": 59.30514216600568, "provider_usage": {"reported_cost_receipt_count": 6, "reported_cost_usd": 0.02074404, "route_receipt_count": 7, "unreported_cost_receipt_count": 1}}
{"started": {"index": 26, "repetition": 2, "arm": "candidate", "case": "asset_discovery_trending_crypto_exact_issue_344"}, "output": "/private/tmp/registry-interleaved-262d670f/26-candidate-r2.json"}
{"completed": "26-candidate-r2", "status": "failed", "failed_checks": ["asset_discovery: no declared peer-expansion call preserved the expected discovery facts: []", "offered.min_discovery_rows: expected at least 1, got 0 ([])"], "elapsed_seconds": 44.66841095799464, "provider_usage": {"reported_cost_receipt_count": 3, "reported_cost_usd": 0.03588764, "route_receipt_count": 3, "unreported_cost_receipt_count": 0}}
{"started": {"index": 27, "repetition": 2, "arm": "candidate", "case": "ordinary_conversation_macro_curiosity_en"}, "output": "/private/tmp/registry-interleaved-262d670f/27-candidate-r2.json"}
{"completed": "27-candidate-r2", "status": "passed", "failed_checks": [], "elapsed_seconds": 42.32523679200676, "provider_usage": {"reported_cost_receipt_count": 3, "reported_cost_usd": 0.01079762, "route_receipt_count": 3, "unreported_cost_receipt_count": 0}}
{"started": {"index": 28, "repetition": 2, "arm": "baseline", "case": "ordinary_conversation_macro_curiosity_en"}, "output": "/private/tmp/registry-interleaved-262d670f/28-baseline-r2.json"}
{"completed": "28-baseline-r2", "status": "passed", "failed_checks": [], "elapsed_seconds": 18.98073262500111, "provider_usage": {"reported_cost_receipt_count": 5, "reported_cost_usd": 0.0171577263, "route_receipt_count": 5, "unreported_cost_receipt_count": 0}}
Interleaved partial probes complete; this is not a full-suite scorecard.
