(node:57924) [DEP0205] DeprecationWarning: `module.register()` is deprecated. Use `module.registerHooks()` instead.
(Use `node --trace-deprecation ...` to show where the warning was created)
[2m[WebServer] [22m(node:57925) Warning: The 'NO_COLOR' env is ignored due to the 'FORCE_COLOR' env being set.
[2m[WebServer] [22m(Use `node --trace-warnings ...` to show where the warning was created)
[2m[WebServer] [22m(node:57926) Warning: The 'NO_COLOR' env is ignored due to the 'FORCE_COLOR' env being set.
[2m[WebServer] [22m(Use `node --trace-warnings ...` to show where the warning was created)
[2m[WebServer] [22m(node:57926) [DEP0205] DeprecationWarning: `module.register()` is deprecated. Use `module.registerHooks()` instead.

Running 16 tests using 1 worker

(node:57927) Warning: The 'NO_COLOR' env is ignored due to the 'FORCE_COLOR' env being set.
(Use `node --trace-warnings ...` to show where the warning was created)
(node:57927) [DEP0205] DeprecationWarning: `module.register()` is deprecated. Use `module.registerHooks()` instead.
(node:57927) Warning: The 'NO_COLOR' env is ignored due to the 'FORCE_COLOR' env being set.
(Use `node --trace-warnings ...` to show where the warning was created)
  ✓   1 checkout/web/e2e/registry-signal-control.spec.ts:13:7 › authored signal card retains MACD windows and chart across reload en (7.5s)
  ✓   2 checkout/web/e2e/registry-signal-control.spec.ts:13:7 › authored signal card retains MACD windows and chart across reload es-419 (3.6s)
  ✓   3 checkout/web/e2e/tool-registry.spec.ts:24:7 › a later saved user message makes old tool inputs read-only en (1.9s)
  ✓   4 checkout/web/e2e/tool-registry.spec.ts:40:7 › sending another turn cancels the pending tool edit en (3.6s)
  ✓   5 checkout/web/e2e/tool-registry.spec.ts:77:7 › declared backtest keeps DCA assumptions and the receipt visual en (1.9s)
  ✓   6 checkout/web/e2e/tool-registry.spec.ts:103:7 › executing-call progress is localizable without another turn en (2.2s)
  ✓   7 checkout/web/e2e/tool-registry.spec.ts:135:9 › tool results live, recompute and reload en 1280 (4.4s)
  ✓   8 checkout/web/e2e/tool-registry.spec.ts:135:9 › tool results live, recompute and reload en 390 (4.3s)
  ✓   9 checkout/web/e2e/tool-registry.spec.ts:24:7 › a later saved user message makes old tool inputs read-only es-419 (1.9s)
  ✓  10 checkout/web/e2e/tool-registry.spec.ts:40:7 › sending another turn cancels the pending tool edit es-419 (3.6s)
  ✓  11 checkout/web/e2e/tool-registry.spec.ts:77:7 › declared backtest keeps DCA assumptions and the receipt visual es-419 (1.9s)
  ✓  12 checkout/web/e2e/tool-registry.spec.ts:103:7 › executing-call progress is localizable without another turn es-419 (2.1s)
  ✓  13 checkout/web/e2e/tool-registry.spec.ts:135:9 › tool results live, recompute and reload es-419 1280 (4.4s)
  ✓  14 checkout/web/e2e/tool-registry.spec.ts:135:9 › tool results live, recompute and reload es-419 390 (4.4s)
  ✓  15 checkout/web/e2e/tool-registry.spec.ts:199:7 › repeated asynchronous calls settle independently en (3.1s)
  ✓  16 checkout/web/e2e/tool-registry.spec.ts:199:7 › repeated asynchronous calls settle independently es-419 (3.1s)

  16 passed (58.2s)
