warning: /Users/garces/Library/org.swift.swiftpm/configuration is not accessible or not writable, disabling user-level cache features.
warning: /Users/garces/Library/org.swift.swiftpm/security is not accessible or not writable, disabling user-level cache features.
Building for debugging...
[Provisioning 14 / 22]
[Pre-planning 1 / 393]
[Planning deferred tasks]
[11 / 55] ConcurrencyExtras
[30 / 116] ConcurrencyExtras
[38 / 116] IssueReporting
[44 / 116] ConcurrencyExtras
[51 / 116] Crypto
[61 / 116] Crypto
[64 / 116] ConcurrencyExtras
[73 / 116] ConcurrencyExtras
[90 / 126] HTTPTypes
[92 / 128] _IssueReporting
[100 / 132] Clocks
[113 / 145] XCTestDynamicOverlay
[120 / 152] Clocks
[143 / 171] Helpers
[151 / 177] Auth
[170 / 196] Auth
[174 / 198] ArgusSession
[191 / 217] ArgusSession
[192 / 217] ArgusSession
[193 / 217] ArgusSession
[198 / 214] ArgusSession
[198 / 214] Auth
[200 / 214] ArgusSession
[204 / 213] ArgusSessionTests-product
[223 / 232] ArgusSessionTests-product
[227 / 231] ArgusSessionTests-product
error: SwiftCompile normal arm64 /private/tmp/cuadrao-confirmed-deletion-cleanup-20261006/ios/Packages/ArgusSession/Tests/ArgusSessionTests/AccountDeletionTests.swift failed with a nonzero exit code. Command line:     cd /private/tmp/cuadrao-confirmed-deletion-cleanup-20261006/ios/Packages
    builtin-SwiftPerFileCompile AccountDeletionTests.swift
/private/tmp/cuadrao-confirmed-deletion-cleanup-20261006/ios/Packages/ArgusSession/Tests/ArgusSessionTests/AccountDeletionTests.swift:415:38: error: sending value of non-Sendable type '[String : Any]' risks causing data races [#RegionIsolation::SendingRisksDataRace]
413 |                 receipt = .init(userID: userID, initiatingRevision: identity.revision, commandID: UUID())
414 |             } else {
415 |                 await fixture.server.configure(status, status == 202 ? ["status": "in_progress", "pending": []] : ["code": "account_deletion_incomplete"])
    |                                      |- error: sending value of non-Sendable type '[String : Any]' risks causing data races [#RegionIsolation::SendingRisksDataRace]
    |                                      |- note: sending value of non-Sendable type '[String : Any]' to actor-isolated instance method 'configure(_:_:retry:lose:)' risks causing data races between actor-isolated and local nonisolated uses
    |                                      `- note: access can happen concurrently
416 |                 _ = try await controller.deleteAccount(expectedIdentity: identity)
417 |                 let journal = try XCTUnwrap(fixture.journal())

[#RegionIsolation]: <https://docs.swift.org/compiler/documentation/diagnostics/region-isolation>
[#SendingRisksDataRace]: <https://docs.swift.org/compiler/documentation/diagnostics/sending-risks-data-race>
Failed frontend command:
/Applications/Xcode.app/Contents/Developer/Toolchains/XcodeDefault.xctoolchain/usr/bin/swift-frontend -frontend -c -primary-file /private/tmp/cuadrao-apple-session-swift/out/Intermediates.noindex/ArgusSession.build/Debug/ArgusSessionTests-p.build/DerivedSources/test_entry_point.swift -primary-file /private/tmp/cuadrao-confirmed-deletion-cleanup-20261006/ios/Packages/ArgusSession/Tests/ArgusSessionTests/AccountDeletionTests.swift /private/tmp/cuadrao-confirmed-deletion-cleanup-20261006/ios/Packages/ArgusSession/Tests/ArgusSessionTests/AppleCredentialValidationTests.swift /private/tmp/cuadrao-confirmed-deletion-cleanup-20261006/ios/Packages/ArgusSession/Tests/ArgusSessionTests/AppleNameInitializationTests.swift /private/tmp/cuadrao-confirmed-deletion-cleanup-20261006/ios/Packages/ArgusSession/Tests/ArgusSessionTests/ConfigurationTests.swift /private/tmp/cuadrao-confirmed-deletion-cleanup-20261006/ios/Packages/ArgusSession/Tests/ArgusSessionTests/FinancialAccountTests.swift /private/tmp/cuadrao-confirmed-deletion-cleanup-20261006/ios/Packages/ArgusSession/Tests/ArgusSessionTests/FinancialAssetTests.swift /private/tmp/cuadrao-confirmed-deletion-cleanup-20261006/ios/Packages/ArgusSession/Tests/ArgusSessionTests/FinancialBudgetTests.swift /private/tmp/cuadrao-confirmed-deletion-cleanup-20261006/ios/Packages/ArgusSession/Tests/ArgusSessionTests/FinancialDebtTests.swift /private/tmp/cuadrao-confirmed-deletion-cleanup-20261006/ios/Packages/ArgusSession/Tests/ArgusSessionTests/FinancialExpectationSeedTests.swift /private/tmp/cuadrao-confirmed-deletion-cleanup-20261006/ios/Packages/ArgusSession/Tests/ArgusSessionTests/FinancialGoalTests.swift /private/tmp/cuadrao-confirmed-deletion-cleanup-20261006/ios/Packages/ArgusSession/Tests/ArgusSessionTests/FinancialLoopTests.swift /private/tmp/cuadrao-confirmed-deletion-cleanup-20261006/ios/Packages/ArgusSession/Tests/ArgusSessionTests/FinancialPlanTests.swift /private/tmp/cuadrao-confirmed-deletion-cleanup-20261006/ios/Packages/ArgusSession/Tests/ArgusSessionTests/FinancialSearchTests.swift /private/tmp/cuadrao-confirmed-deletion-cleanup-20261006/ios/Packages/ArgusSession/Tests/ArgusSessionTests/FinancialWriteJournalTests.swift /private/tmp/cuadrao-confirmed-deletion-cleanup-20261006/ios/Packages/ArgusSession/Tests/ArgusSessionTests/HouseholdPlanTests.swift /private/tmp/cuadrao-confirmed-deletion-cleanup-20261006/ios/Packages/ArgusSession/Tests/ArgusSessionTests/IdentitySignInTests.swift /private/tmp/cuadrao-confirmed-deletion-cleanup-20261006/ios/Packages/ArgusSession/Tests/ArgusSessionTests/InvitationsTests.swift /private/tmp/cuadrao-confirmed-deletion-cleanup-20261006/ios/Packages/ArgusSession/Tests/ArgusSessionTests/LiveFinancialAccountTests.swift /private/tmp/cuadrao-confirmed-deletion-cleanup-20261006/ios/Packages/ArgusSession/Tests/ArgusSessionTests/LiveSessionTests.swift /private/tmp/cuadrao-confirmed-deletion-cleanup-20261006/ios/Packages/ArgusSession/Tests/ArgusSessionTests/SessionControllerTests.swift /private/tmp/cuadrao-confirmed-deletion-cleanup-20261006/ios/Packages/ArgusSession/Tests/ArgusSessionTests/TestSupport.swift /private/tmp/cuadrao-confirmed-deletion-cleanup-20261006/ios/Packages/ArgusSession/Tests/ArgusSessionTests/TransportAndStorageTests.swift -emit-dependencies-path /private/tmp/cuadrao-apple-session-swift/out/Intermediates.noindex/ArgusSession.build/Debug/ArgusSessionTests-p.build/Objects-normal/arm64/test_entry_point.d -emit-const-values-path /private/tmp/cuadrao-apple-session-swift/out/Intermediates.noindex/ArgusSession.build/Debug/ArgusSessionTests-p.build/Objects-normal/arm64/test_entry_point.swiftconstvalues -emit-reference-dependencies-path /private/tmp/cuadrao-apple-session-swift/out/Intermediates.noindex/ArgusSession.build/Debug/ArgusSessionTests-p.build/Objects-normal/arm64/test_entry_point.swiftdeps -serialize-diagnostics-path /private/tmp/cuadrao-apple-session-swift/out/Intermediates.noindex/ArgusSession.build/Debug/ArgusSessionTests-p.build/Objects-normal/arm64/test_entry_point.dia -emit-dependencies-path /private/tmp/cuadrao-apple-session-swift/out/Intermediates.noindex/ArgusSession.build/Debug/ArgusSessionTests-p.build/Objects-normal/arm64/AccountDeletionTests.d -emit-const-values-path /private/tmp/cuadrao-apple-session-swift/out/Intermediates.noindex/ArgusSession.build/Debug/ArgusSessionTests-p.build/Objects-normal/arm64/AccountDeletionTests.swiftconstvalues -emit-reference-dependencies-path /private/tmp/cuadrao-apple-session-swift/out/Intermediates.noindex/ArgusSession.build/Debug/ArgusSessionTests-p.build/Objects-normal/arm64/AccountDeletionTests.swiftdeps -serialize-diagnostics-path /private/tmp/cuadrao-apple-session-swift/out/Intermediates.noindex/ArgusSession.build/Debug/ArgusSessionTests-p.build/Objects-normal/arm64/AccountDeletionTests.dia -target arm64-apple-macos14.0 -module-can-import-version Testing 2084 0 -module-can-import-version XCTest 25228 0 -disable-cross-import-overlay-search -swift-module-cross-import Testing /Applications/Xcode.app/Contents/Developer/Platforms/MacOSX.platform/Developer/Library/Frameworks/Testing.framework/Modules/Testing.swiftcrossimport/AppKit.swiftoverlay -swift-module-cross-import Testing /Applications/Xcode.app/Contents/Developer/Platforms/MacOSX.platform/Developer/Library/Frameworks/Testing.framework/Modules/Testing.swiftcrossimport/CoreGraphics.swiftoverlay -swift-module-cross-import Testing /Applications/Xcode.app/Contents/Developer/Platforms/MacOSX.platform/Developer/Library/Frameworks/Testing.framework/Modules/Testing.swiftcrossimport/CoreImage.swiftoverlay -swift-module-cross-import Testing /Applications/Xcode.app/Contents/Developer/Platforms/MacOSX.platform/Developer/Library/Frameworks/Testing.framework/Modules/Testing.swiftcrossimport/CoreTransferable.swiftoverlay -swift-module-cross-import Testing /Applications/Xcode.app/Contents/Developer/Platforms/MacOSX.platform/Developer/Library/Frameworks/Testing.framework/Modules/Testing.swiftcrossimport/Foundation.swiftoverlay -load-resolved-plugin /Applications/Xcode.app/Contents/Developer/Platforms/MacOSX.platform/Developer/usr/lib/swift/host/plugins/libFoundationMacros.dylib\#/Applications/Xcode.app/Contents/Developer/Platforms/MacOSX.platform/Developer/usr/bin/swift-plugin-server\#FoundationMacros -load-resolved-plugin /Applications/Xcode.app/Contents/Developer/Platforms/MacOSX.platform/Developer/usr/lib/swift/host/plugins/libObservationMacros.dylib\#/Applications/Xcode.app/Contents/Developer/Platforms/MacOSX.platform/Developer/usr/bin/swift-plugin-server\#ObservationMacros -load-resolved-plugin /Applications/Xcode.app/Contents/Developer/Platforms/MacOSX.platform/Developer/usr/lib/swift/host/plugins/libPreviewsMacros.dylib\#/Applications/Xcode.app/Contents/Developer/Platforms/MacOSX.platform/Developer/usr/bin/swift-plugin-server\#PreviewsMacros -load-resolved-plugin /Applications/Xcode.app/Contents/Developer/Platforms/MacOSX.platform/Developer/usr/lib/swift/host/plugins/libSwiftMacros.dylib\#/Applications/Xcode.app/Contents/Developer/Platforms/MacOSX.platform/Developer/usr/bin/swift-plugin-server\#SwiftMacros -load-resolved-plugin /Applications/Xcode.app/Contents/Developer/Platforms/MacOSX.platform/Developer/usr/lib/swift/host/plugins/libSwiftUIMacros.dylib\#/Applications/Xcode.app/Contents/Developer/Platforms/MacOSX.platform/Developer/usr/bin/swift-plugin-server\#SwiftUIMacros -load-resolved-plugin /Applications/Xcode.app/Contents/Developer/Toolchains/XcodeDefault.xctoolchain/usr/lib/swift/host/plugins/testing/libTestingMacros.dylib\#\#TestingMacros -disable-implicit-swift-modules -Xcc -fno-implicit-modules -Xcc -fno-implicit-module-maps -explicit-swift-module-map-file /private/tmp/cuadrao-apple-session-swift/out/Intermediates.noindex/ArgusSession.build/Debug/ArgusSessionTests-p.build/Objects-normal/arm64/ArgusSessionTests-dependencies-1.json -Xllvm -aarch64-use-tbi -enable-objc-interop -stack-check -sdk /Applications/Xcode.app/Contents/Developer/Platforms/MacOSX.platform/Developer/SDKs/MacOSX27.0.sdk -I /private/tmp/cuadrao-apple-session-swift/out/Products/Debug -Isystem /Applications/Xcode.app/Contents/Developer/Platforms/MacOSX.platform/Developer/usr/lib -F /private/tmp/cuadrao-apple-session-swift/out/Products/Debug/PackageFrameworks -F /private/tmp/cuadrao-apple-session-swift/out/Products/Debug -F /Applications/Xcode.app/Contents/Developer/Platforms/MacOSX.platform/Developer/Library/Frameworks -module-cache-path /private/tmp/cuadrao-apple-session-swift/out/Intermediates.noindex/SwiftExplicitPrecompiledModules -no-color-diagnostics -Xcc -fno-color-diagnostics -enable-testing -g -debug-info-format\=dwarf -dwarf-version\=4 -swift-version 6 -Onone -D SWIFT_PACKAGE -D DEBUG -D Xcode -serialize-debugging-options -enable-experimental-feature DebugDescriptionMacro -empty-abi-descriptor -validate-clang-modules-once -clang-build-session-file /private/tmp/cuadrao-apple-session-swift/out/ModuleCache.noindex/Session.modulevalidation -disable-sandbox -Xcc -working-directory -Xcc /private/tmp/cuadrao-confirmed-deletion-cleanup-20261006/ios/Packages -enable-anonymous-context-mangled-names -file-compilation-dir /private/tmp/cuadrao-confirmed-deletion-cleanup-20261006/ios/Packages -Xcc -D_LIBCPP_HARDENING_MODE\=_LIBCPP_HARDENING_MODE_DEBUG -Xcc -ivfsstatcache -Xcc /private/tmp/cuadrao-apple-session-swift/out/SDKStatCaches.noindex/macosx27.0-26A425-a0facfad118c1a7a18f0aad9463f65497231f6df4def33e022ae2eb8f782df1a.sdkstatcache -Xcc -fmodules-prune-interval\=86400 -Xcc -fmodules-prune-after\=345600 -Xcc -I/private/tmp/cuadrao-apple-session-swift/out/Products/Debug/include -Xcc -I/private/tmp/cuadrao-apple-session-swift/out/Intermediates.noindex/ArgusSession.build/Debug/ArgusSessionTests-p.build/DerivedSources-normal/arm64 -Xcc -I/private/tmp/cuadrao-apple-session-swift/out/Intermediates.noindex/ArgusSession.build/Debug/ArgusSessionTests-p.build/DerivedSources/arm64 -Xcc -I/private/tmp/cuadrao-apple-session-swift/out/Intermediates.noindex/ArgusSession.build/Debug/ArgusSessionTests-p.build/DerivedSources -Xcc -DSWIFT_PACKAGE -Xcc -DDEBUG\=1 -no-auto-bridging-header-chaining -module-name ArgusSessionTests -package-name argussession -const-gather-protocols-file /private/tmp/cuadrao-apple-session-swift/out/Intermediates.noindex/ArgusSession.build/Debug/ArgusSessionTests-p.build/Objects-normal/arm64/ArgusSessionTests_const_extract_protocols.json -disable-clang-spi -clang-target arm64-apple-macos27.0 -target-sdk-version 27.0 -target-sdk-name macosx27.0 -in-process-plugin-server-path /Applications/Xcode.app/Contents/Developer/Toolchains/XcodeDefault.xctoolchain/usr/lib/swift/host/libSwiftInProcPluginServer.dylib -parse-as-library -o /private/tmp/cuadrao-apple-session-swift/out/Intermediates.noindex/ArgusSession.build/Debug/ArgusSessionTests-p.build/Objects-normal/arm64/test_entry_point.o -o /private/tmp/cuadrao-apple-session-swift/out/Intermediates.noindex/ArgusSession.build/Debug/ArgusSessionTests-p.build/Objects-normal/arm64/AccountDeletionTests.o -debug-module-path /private/tmp/cuadrao-apple-session-swift/out/Intermediates.noindex/ArgusSession.build/Debug/ArgusSessionTests-p.build/Objects-normal/arm64/ArgusSessionTests.swiftmodule -index-unit-output-path /ArgusSession.build/Debug/ArgusSessionTests-p.build/Objects-normal/arm64/test_entry_point.o -index-unit-output-path /ArgusSession.build/Debug/ArgusSessionTests-p.build/Objects-normal/arm64/AccountDeletionTests.o -index-store-path /private/tmp/cuadrao-apple-session-swift/out -index-system-modules
error: Build failed
error: fatalError
