{"started": {"repetition": 1, "case": "natural_language_establishes_modeled_costs_issue_271", "arm": "baseline", "index": 1}}
{"completed": "01-baseline-r1", "case": "natural_language_establishes_modeled_costs_issue_271", "status": "passed", "failed_checks": [], "provider_usage": {"reported_cost_receipt_count": 4, "reported_cost_usd": 0.0249685, "route_receipt_count": 4, "unreported_cost_receipt_count": 0}}
{"started": {"repetition": 1, "case": "natural_language_establishes_modeled_costs_issue_271", "arm": "candidate", "index": 2}}
{"completed": "02-candidate-r1", "case": "natural_language_establishes_modeled_costs_issue_271", "status": "failed", "failed_checks": ["capability_verdict: expected 'executable', got 'needs_clarification'", "launch_execution_realism: expected mapping subset {'enabled': True, 'fee_bps': 10.0, 'slippage_bps': 5.0}, got None", "stage_outcomes: expected ['ready_for_confirmation', 'await_approval'], got ['needs_clarification', 'await_user_reply']", "offered.launch_payload: no launch reached the turn"], "provider_usage": {"reported_cost_receipt_count": 6, "reported_cost_usd": 0.01908885, "route_receipt_count": 9, "unreported_cost_receipt_count": 3}}
{"started": {"repetition": 1, "case": "asset_discovery_comparison_anchor_english_issue_244", "arm": "candidate", "index": 3}}
{"completed": "03-candidate-r1", "case": "asset_discovery_comparison_anchor_english_issue_244", "status": "failed", "failed_checks": ["tool_dispatch: a bounded, invalid, or unavailable call is not an answer", "tool_dispatch: expected a completed answer from an executed call", "asset_discovery: identity unproven: no completed result bound to selectable assets", "offered.actionable: nothing the user can act on reached the turn (offered={'response': True, 'launch_payload': {}, 'clarification': {}, 'discovery_symbols': [], 'next_experiment_kinds': [], 'recovery_option_ids': [], 'recovery_code': 'discovery_target_missing', 'named_unavailable': [], 'dropped_not_named': [], 'actionable': False})", "prose_judge:selection_relevance"], "provider_usage": {"reported_cost_receipt_count": 4, "reported_cost_usd": 0.03722001, "route_receipt_count": 4, "unreported_cost_receipt_count": 0}}
{"started": {"repetition": 1, "case": "asset_discovery_comparison_anchor_english_issue_244", "arm": "baseline", "index": 4}}
{"completed": "04-baseline-r1", "case": "asset_discovery_comparison_anchor_english_issue_244", "status": "passed", "failed_checks": [], "provider_usage": {"reported_cost_receipt_count": 5, "reported_cost_usd": 0.01937531, "route_receipt_count": 5, "unreported_cost_receipt_count": 0}}
{"started": {"repetition": 1, "case": "asset_discovery_category_spanish_issue_244", "arm": "baseline", "index": 5}}
{"completed": "05-baseline-r1", "case": "asset_discovery_category_spanish_issue_244", "status": "passed", "failed_checks": [], "provider_usage": {"reported_cost_receipt_count": 5, "reported_cost_usd": 0.018094344316, "route_receipt_count": 5, "unreported_cost_receipt_count": 0}}
{"started": {"repetition": 1, "case": "asset_discovery_category_spanish_issue_244", "arm": "candidate", "index": 6}}
{"completed": "06-candidate-r1", "case": "asset_discovery_category_spanish_issue_244", "status": "failed", "failed_checks": ["prose_judge:selection_relevance"], "provider_usage": {"reported_cost_receipt_count": 5, "reported_cost_usd": 0.03718942, "route_receipt_count": 5, "unreported_cost_receipt_count": 0}}
{"started": {"repetition": 1, "case": "asset_discovery_recent_ipo_exact_issue_344", "arm": "candidate", "index": 7}}
{"completed": "07-candidate-r1", "case": "asset_discovery_recent_ipo_exact_issue_344", "status": "failed", "failed_checks": ["asset_discovery: current-source evidence unproven for BRVE", "asset_discovery: current-source evidence unproven for APMD"], "provider_usage": {"reported_cost_receipt_count": 3, "reported_cost_usd": 0.00963526, "route_receipt_count": 3, "unreported_cost_receipt_count": 0}}
{"started": {"repetition": 1, "case": "asset_discovery_recent_ipo_exact_issue_344", "arm": "baseline", "index": 8}}
{"completed": "08-baseline-r1", "case": "asset_discovery_recent_ipo_exact_issue_344", "status": "passed", "failed_checks": [], "provider_usage": {"reported_cost_receipt_count": 5, "reported_cost_usd": 0.020801817, "route_receipt_count": 5, "unreported_cost_receipt_count": 0}}
{"started": {"repetition": 1, "case": "asset_discovery_trending_crypto_exact_issue_344", "arm": "baseline", "index": 9}}
{"completed": "09-baseline-r1", "case": "asset_discovery_trending_crypto_exact_issue_344", "status": "passed", "failed_checks": [], "provider_usage": {"reported_cost_receipt_count": 5, "reported_cost_usd": 0.0192505516, "route_receipt_count": 5, "unreported_cost_receipt_count": 0}}
{"started": {"repetition": 1, "case": "asset_discovery_trending_crypto_exact_issue_344", "arm": "candidate", "index": 10}}
{"completed": "10-candidate-r1", "case": "asset_discovery_trending_crypto_exact_issue_344", "status": "failed", "failed_checks": ["tool_dispatch: a bounded, invalid, or unavailable call is not an answer", "tool_dispatch: expected a completed answer from an executed call", "asset_discovery: identity unproven: no completed result bound to selectable assets", "offered.actionable: nothing the user can act on reached the turn (offered={'response': True, 'launch_payload': {}, 'clarification': {}, 'discovery_symbols': [], 'next_experiment_kinds': [], 'recovery_option_ids': [], 'recovery_code': None, 'named_unavailable': [], 'dropped_not_named': [], 'actionable': False})", "offered.min_discovery_rows: expected at least 1, got 0 ([])", "offered.names_unavailable: the turn offered nothing the user can act on and did not name what it found and could not use", "prose_judge:selection_relevance", "prose_judge:honesty"], "provider_usage": {"reported_cost_receipt_count": 3, "reported_cost_usd": 0.037790326, "route_receipt_count": 3, "unreported_cost_receipt_count": 0}}
{"started": {"repetition": 1, "case": "asset_discovery_not_result_followup_issue_244", "arm": "candidate", "index": 11}}
{"completed": "11-candidate-r1", "case": "asset_discovery_not_result_followup_issue_244", "status": "failed", "failed_checks": ["offered.min_next_experiment_rows: expected at least 1, got []"], "provider_usage": {"reported_cost_receipt_count": 3, "reported_cost_usd": 0.0070799, "route_receipt_count": 5, "unreported_cost_receipt_count": 2}}
{"started": {"repetition": 1, "case": "asset_discovery_not_result_followup_issue_244", "arm": "baseline", "index": 12}}
{"completed": "12-baseline-r1", "case": "asset_discovery_not_result_followup_issue_244", "status": "failed", "failed_checks": ["offered.min_next_experiment_rows: expected at least 1, got []"], "provider_usage": {"reported_cost_receipt_count": 5, "reported_cost_usd": 0.020158626, "route_receipt_count": 6, "unreported_cost_receipt_count": 1}}
{"started": {"repetition": 1, "case": "metric_correctness_eth_default_crypto_benchmark", "arm": "baseline", "index": 13}}
{"completed": "13-baseline-r1", "case": "metric_correctness_eth_default_crypto_benchmark", "status": "passed", "failed_checks": [], "provider_usage": {"reported_cost_receipt_count": 5, "reported_cost_usd": 0.02366135, "route_receipt_count": 5, "unreported_cost_receipt_count": 0}}
{"started": {"repetition": 1, "case": "metric_correctness_eth_default_crypto_benchmark", "arm": "candidate", "index": 14}}
{"completed": "14-candidate-r1", "case": "metric_correctness_eth_default_crypto_benchmark", "status": "passed", "failed_checks": [], "provider_usage": {"reported_cost_receipt_count": 5, "reported_cost_usd": 0.04229, "route_receipt_count": 5, "unreported_cost_receipt_count": 0}}
{"started": {"repetition": 1, "case": "capability_honesty_news_sentiment_rule_aapl", "arm": "candidate", "index": 15}}
{"completed": "15-candidate-r1", "case": "capability_honesty_news_sentiment_rule_aapl", "status": "passed", "failed_checks": [], "provider_usage": {"reported_cost_receipt_count": 7, "reported_cost_usd": 0.033459326104, "route_receipt_count": 7, "unreported_cost_receipt_count": 0}}
{"started": {"repetition": 1, "case": "capability_honesty_news_sentiment_rule_aapl", "arm": "baseline", "index": 16}}
{"completed": "16-baseline-r1", "case": "capability_honesty_news_sentiment_rule_aapl", "status": "passed", "failed_checks": [], "provider_usage": {"reported_cost_receipt_count": 7, "reported_cost_usd": 0.0294977443, "route_receipt_count": 7, "unreported_cost_receipt_count": 0}}
{"started": {"repetition": 1, "case": "dca_capital_semantics_only_have_amount_is_ceiling_issue_455", "arm": "baseline", "index": 17}}
{"completed": "17-baseline-r1", "case": "dca_capital_semantics_only_have_amount_is_ceiling_issue_455", "status": "passed", "failed_checks": [], "provider_usage": {"reported_cost_receipt_count": 10, "reported_cost_usd": 0.04220164, "route_receipt_count": 10, "unreported_cost_receipt_count": 0}}
{"started": {"repetition": 1, "case": "dca_capital_semantics_only_have_amount_is_ceiling_issue_455", "arm": "candidate", "index": 18}}
{"completed": "18-candidate-r1", "case": "dca_capital_semantics_only_have_amount_is_ceiling_issue_455", "status": "failed", "failed_checks": ["missing_required_fields: expected ['capital_amount'], got []"], "provider_usage": {"reported_cost_receipt_count": 6, "reported_cost_usd": 0.007782532, "route_receipt_count": 8, "unreported_cost_receipt_count": 2}}
{"started": {"repetition": 1, "case": "dca_capital_semantics_prebaked_chip_bare_amount_reaches_ready_to_run", "arm": "candidate", "index": 19}}
{"completed": "19-candidate-r1", "case": "dca_capital_semantics_prebaked_chip_bare_amount_reaches_ready_to_run", "status": "passed", "failed_checks": [], "provider_usage": {"reported_cost_receipt_count": 14, "reported_cost_usd": 0.11559698, "route_receipt_count": 14, "unreported_cost_receipt_count": 0}}
{"started": {"repetition": 1, "case": "dca_capital_semantics_prebaked_chip_bare_amount_reaches_ready_to_run", "arm": "baseline", "index": 20}}
{"completed": "20-baseline-r1", "case": "dca_capital_semantics_prebaked_chip_bare_amount_reaches_ready_to_run", "status": "passed", "failed_checks": [], "provider_usage": {"reported_cost_receipt_count": 14, "reported_cost_usd": 0.060474175726, "route_receipt_count": 15, "unreported_cost_receipt_count": 1}}
{"started": {"repetition": 1, "case": "dca_capital_semantics_prebaked_chip_spanish_pesos_reaches_ready_to_run", "arm": "baseline", "index": 21}}
{"completed": "21-baseline-r1", "case": "dca_capital_semantics_prebaked_chip_spanish_pesos_reaches_ready_to_run", "status": "passed", "failed_checks": [], "provider_usage": {"reported_cost_receipt_count": 14, "reported_cost_usd": 0.063028062, "route_receipt_count": 15, "unreported_cost_receipt_count": 1}}
{"started": {"repetition": 1, "case": "dca_capital_semantics_prebaked_chip_spanish_pesos_reaches_ready_to_run", "arm": "candidate", "index": 22}}
{"completed": "22-candidate-r1", "case": "dca_capital_semantics_prebaked_chip_spanish_pesos_reaches_ready_to_run", "status": "passed", "failed_checks": [], "provider_usage": {"reported_cost_receipt_count": 15, "reported_cost_usd": 0.12083359, "route_receipt_count": 16, "unreported_cost_receipt_count": 1}}
{"started": {"repetition": 1, "case": "capability_honesty_golden_cross_control_aapl", "arm": "candidate", "index": 23}}
{"completed": "23-candidate-r1", "case": "capability_honesty_golden_cross_control_aapl", "status": "passed", "failed_checks": [], "provider_usage": {"reported_cost_receipt_count": 6, "reported_cost_usd": 0.0371118, "route_receipt_count": 6, "unreported_cost_receipt_count": 0}}
{"started": {"repetition": 1, "case": "capability_honesty_golden_cross_control_aapl", "arm": "baseline", "index": 24}}
{"completed": "24-baseline-r1", "case": "capability_honesty_golden_cross_control_aapl", "status": "passed", "failed_checks": [], "provider_usage": {"reported_cost_receipt_count": 6, "reported_cost_usd": 0.03321375, "route_receipt_count": 6, "unreported_cost_receipt_count": 0}}
{"started": {"repetition": 1, "case": "messy_english_post_result_fact_then_capital_edit_issue_160", "arm": "baseline", "index": 25}}
{"completed": "25-baseline-r1", "case": "messy_english_post_result_fact_then_capital_edit_issue_160", "status": "passed", "failed_checks": [], "provider_usage": {"reported_cost_receipt_count": 3, "reported_cost_usd": 0.0221454, "route_receipt_count": 3, "unreported_cost_receipt_count": 0}}
{"started": {"repetition": 1, "case": "messy_english_post_result_fact_then_capital_edit_issue_160", "arm": "candidate", "index": 26}}
{"completed": "26-candidate-r1", "case": "messy_english_post_result_fact_then_capital_edit_issue_160", "status": "passed", "failed_checks": [], "provider_usage": {"reported_cost_receipt_count": 3, "reported_cost_usd": 0.01294915, "route_receipt_count": 3, "unreported_cost_receipt_count": 0}}
{"started": {"repetition": 1, "case": "ordinary_conversation_concept_inflation_es", "arm": "candidate", "index": 27}}
{"completed": "27-candidate-r1", "case": "ordinary_conversation_concept_inflation_es", "status": "passed", "failed_checks": [], "provider_usage": {"reported_cost_receipt_count": 3, "reported_cost_usd": 0.00755629, "route_receipt_count": 3, "unreported_cost_receipt_count": 0}}
{"started": {"repetition": 1, "case": "ordinary_conversation_concept_inflation_es", "arm": "baseline", "index": 28}}
{"completed": "28-baseline-r1", "case": "ordinary_conversation_concept_inflation_es", "status": "passed", "failed_checks": [], "provider_usage": {"reported_cost_receipt_count": 4, "reported_cost_usd": 0.0173224897, "route_receipt_count": 4, "unreported_cost_receipt_count": 0}}
{"started": {"repetition": 2, "case": "natural_language_establishes_modeled_costs_issue_271", "arm": "candidate", "index": 29}}
{"completed": "29-candidate-r2", "case": "natural_language_establishes_modeled_costs_issue_271", "status": "failed", "failed_checks": ["capability_verdict: expected 'executable', got 'needs_clarification'", "launch_execution_realism: expected mapping subset {'enabled': True, 'fee_bps': 10.0, 'slippage_bps': 5.0}, got None", "stage_outcomes: expected ['ready_for_confirmation', 'await_approval'], got ['needs_clarification', 'await_user_reply']", "offered.launch_payload: no launch reached the turn"], "provider_usage": {"reported_cost_receipt_count": 7, "reported_cost_usd": 0.04941394, "route_receipt_count": 9, "unreported_cost_receipt_count": 2}}
{"started": {"repetition": 2, "case": "natural_language_establishes_modeled_costs_issue_271", "arm": "baseline", "index": 30}}
{"completed": "30-baseline-r2", "case": "natural_language_establishes_modeled_costs_issue_271", "status": "passed", "failed_checks": [], "provider_usage": {"reported_cost_receipt_count": 5, "reported_cost_usd": 0.01402145, "route_receipt_count": 5, "unreported_cost_receipt_count": 0}}
{"started": {"repetition": 2, "case": "asset_discovery_comparison_anchor_english_issue_244", "arm": "baseline", "index": 31}}
{"completed": "31-baseline-r2", "case": "asset_discovery_comparison_anchor_english_issue_244", "status": "failed", "failed_checks": ["prose_judge:honesty"], "provider_usage": {"reported_cost_receipt_count": 5, "reported_cost_usd": 0.00560574, "route_receipt_count": 5, "unreported_cost_receipt_count": 0}}
{"started": {"repetition": 2, "case": "asset_discovery_comparison_anchor_english_issue_244", "arm": "candidate", "index": 32}}
{"completed": "32-candidate-r2", "case": "asset_discovery_comparison_anchor_english_issue_244", "status": "failed", "failed_checks": ["prose_judge:honesty", "prose_judge:selection_relevance"], "provider_usage": {"reported_cost_receipt_count": 5, "reported_cost_usd": 0.03793271, "route_receipt_count": 5, "unreported_cost_receipt_count": 0}}
{"started": {"repetition": 2, "case": "asset_discovery_category_spanish_issue_244", "arm": "candidate", "index": 33}}
{"completed": "33-candidate-r2", "case": "asset_discovery_category_spanish_issue_244", "status": "passed", "failed_checks": [], "provider_usage": {"reported_cost_receipt_count": 5, "reported_cost_usd": 0.0099436312, "route_receipt_count": 6, "unreported_cost_receipt_count": 1}}
{"started": {"repetition": 2, "case": "asset_discovery_category_spanish_issue_244", "arm": "baseline", "index": 34}}
{"completed": "34-baseline-r2", "case": "asset_discovery_category_spanish_issue_244", "status": "passed", "failed_checks": [], "provider_usage": {"reported_cost_receipt_count": 5, "reported_cost_usd": 0.018189058, "route_receipt_count": 5, "unreported_cost_receipt_count": 0}}
{"started": {"repetition": 2, "case": "asset_discovery_recent_ipo_exact_issue_344", "arm": "baseline", "index": 35}}
{"completed": "35-baseline-r2", "case": "asset_discovery_recent_ipo_exact_issue_344", "status": "passed", "failed_checks": [], "provider_usage": {"reported_cost_receipt_count": 5, "reported_cost_usd": 0.009545499, "route_receipt_count": 5, "unreported_cost_receipt_count": 0}}
{"started": {"repetition": 2, "case": "asset_discovery_recent_ipo_exact_issue_344", "arm": "candidate", "index": 36}}
{"completed": "36-candidate-r2", "case": "asset_discovery_recent_ipo_exact_issue_344", "status": "passed", "failed_checks": [], "provider_usage": {"reported_cost_receipt_count": 3, "reported_cost_usd": 0.0090845088, "route_receipt_count": 3, "unreported_cost_receipt_count": 0}}
{"started": {"repetition": 2, "case": "asset_discovery_trending_crypto_exact_issue_344", "arm": "candidate", "index": 37}}
{"completed": "37-candidate-r2", "case": "asset_discovery_trending_crypto_exact_issue_344", "status": "failed", "failed_checks": ["asset_discovery: identity unproven: no completed result bound to selectable assets", "offered.actionable: nothing the user can act on reached the turn (offered={'response': True, 'launch_payload': {}, 'clarification': {}, 'discovery_symbols': [], 'next_experiment_kinds': [], 'recovery_option_ids': [], 'recovery_code': None, 'named_unavailable': [], 'dropped_not_named': [], 'actionable': False})", "offered.min_discovery_rows: expected at least 1, got 0 ([])", "offered.names_unavailable: the turn offered nothing the user can act on and did not name what it found and could not use"], "provider_usage": {"reported_cost_receipt_count": 3, "reported_cost_usd": 0.010404561042, "route_receipt_count": 3, "unreported_cost_receipt_count": 0}}
{"started": {"repetition": 2, "case": "asset_discovery_trending_crypto_exact_issue_344", "arm": "baseline", "index": 38}}
{"completed": "38-baseline-r2", "case": "asset_discovery_trending_crypto_exact_issue_344", "status": "passed", "failed_checks": [], "provider_usage": {"reported_cost_receipt_count": 5, "reported_cost_usd": 0.01721798177, "route_receipt_count": 5, "unreported_cost_receipt_count": 0}}
{"started": {"repetition": 2, "case": "asset_discovery_not_result_followup_issue_244", "arm": "baseline", "index": 39}}
{"completed": "39-baseline-r2", "case": "asset_discovery_not_result_followup_issue_244", "status": "failed", "failed_checks": ["offered.min_next_experiment_rows: expected at least 1, got []"], "provider_usage": {"reported_cost_receipt_count": 5, "reported_cost_usd": 0.023831, "route_receipt_count": 7, "unreported_cost_receipt_count": 2}}
{"started": {"repetition": 2, "case": "asset_discovery_not_result_followup_issue_244", "arm": "candidate", "index": 40}}
{"completed": "40-candidate-r2", "case": "asset_discovery_not_result_followup_issue_244", "status": "failed", "failed_checks": ["offered.min_next_experiment_rows: expected at least 1, got []"], "provider_usage": {"reported_cost_receipt_count": 5, "reported_cost_usd": 0.039968782, "route_receipt_count": 6, "unreported_cost_receipt_count": 1}}
{"started": {"repetition": 2, "case": "metric_correctness_eth_default_crypto_benchmark", "arm": "candidate", "index": 41}}
{"completed": "41-candidate-r2", "case": "metric_correctness_eth_default_crypto_benchmark", "status": "passed", "failed_checks": [], "provider_usage": {"reported_cost_receipt_count": 3, "reported_cost_usd": 0.03996585, "route_receipt_count": 3, "unreported_cost_receipt_count": 0}}
{"started": {"repetition": 2, "case": "metric_correctness_eth_default_crypto_benchmark", "arm": "baseline", "index": 42}}
{"completed": "42-baseline-r2", "case": "metric_correctness_eth_default_crypto_benchmark", "status": "passed", "failed_checks": [], "provider_usage": {"reported_cost_receipt_count": 5, "reported_cost_usd": 0.02345595, "route_receipt_count": 5, "unreported_cost_receipt_count": 0}}
{"started": {"repetition": 2, "case": "capability_honesty_news_sentiment_rule_aapl", "arm": "baseline", "index": 43}}
{"completed": "43-baseline-r2", "case": "capability_honesty_news_sentiment_rule_aapl", "status": "passed", "failed_checks": [], "provider_usage": {"reported_cost_receipt_count": 6, "reported_cost_usd": 0.032021015236, "route_receipt_count": 7, "unreported_cost_receipt_count": 1}}
{"started": {"repetition": 2, "case": "capability_honesty_news_sentiment_rule_aapl", "arm": "candidate", "index": 44}}
{"completed": "44-candidate-r2", "case": "capability_honesty_news_sentiment_rule_aapl", "status": "passed", "failed_checks": [], "provider_usage": {"reported_cost_receipt_count": 7, "reported_cost_usd": 0.0472161739, "route_receipt_count": 7, "unreported_cost_receipt_count": 0}}
{"started": {"repetition": 2, "case": "dca_capital_semantics_only_have_amount_is_ceiling_issue_455", "arm": "candidate", "index": 45}}
{"completed": "45-candidate-r2", "case": "dca_capital_semantics_only_have_amount_is_ceiling_issue_455", "status": "failed", "failed_checks": ["missing_required_fields: expected ['capital_amount'], got []"], "provider_usage": {"reported_cost_receipt_count": 7, "reported_cost_usd": 0.021907152, "route_receipt_count": 7, "unreported_cost_receipt_count": 0}}
{"started": {"repetition": 2, "case": "dca_capital_semantics_only_have_amount_is_ceiling_issue_455", "arm": "baseline", "index": 46}}
{"completed": "46-baseline-r2", "case": "dca_capital_semantics_only_have_amount_is_ceiling_issue_455", "status": "passed", "failed_checks": [], "provider_usage": {"reported_cost_receipt_count": 10, "reported_cost_usd": 0.03624835, "route_receipt_count": 10, "unreported_cost_receipt_count": 0}}
{"started": {"repetition": 2, "case": "dca_capital_semantics_prebaked_chip_bare_amount_reaches_ready_to_run", "arm": "baseline", "index": 47}}
{"completed": "47-baseline-r2", "case": "dca_capital_semantics_prebaked_chip_bare_amount_reaches_ready_to_run", "status": "passed", "failed_checks": [], "provider_usage": {"reported_cost_receipt_count": 12, "reported_cost_usd": 0.045888023, "route_receipt_count": 13, "unreported_cost_receipt_count": 1}}
{"started": {"repetition": 2, "case": "dca_capital_semantics_prebaked_chip_bare_amount_reaches_ready_to_run", "arm": "candidate", "index": 48}}
{"completed": "48-candidate-r2", "case": "dca_capital_semantics_prebaked_chip_bare_amount_reaches_ready_to_run", "status": "passed", "failed_checks": [], "provider_usage": {"reported_cost_receipt_count": 12, "reported_cost_usd": 0.081468326, "route_receipt_count": 14, "unreported_cost_receipt_count": 2}}
{"started": {"repetition": 2, "case": "dca_capital_semantics_prebaked_chip_spanish_pesos_reaches_ready_to_run", "arm": "candidate", "index": 49}}
{"completed": "49-candidate-r2", "case": "dca_capital_semantics_prebaked_chip_spanish_pesos_reaches_ready_to_run", "status": "passed", "failed_checks": [], "provider_usage": {"reported_cost_receipt_count": 12, "reported_cost_usd": 0.108445732, "route_receipt_count": 16, "unreported_cost_receipt_count": 4}}
{"started": {"repetition": 2, "case": "dca_capital_semantics_prebaked_chip_spanish_pesos_reaches_ready_to_run", "arm": "baseline", "index": 50}}
{"completed": "50-baseline-r2", "case": "dca_capital_semantics_prebaked_chip_spanish_pesos_reaches_ready_to_run", "status": "passed", "failed_checks": [], "provider_usage": {"reported_cost_receipt_count": 14, "reported_cost_usd": 0.051798412, "route_receipt_count": 15, "unreported_cost_receipt_count": 1}}
{"started": {"repetition": 2, "case": "capability_honesty_golden_cross_control_aapl", "arm": "baseline", "index": 51}}
{"completed": "51-baseline-r2", "case": "capability_honesty_golden_cross_control_aapl", "status": "passed", "failed_checks": [], "provider_usage": {"reported_cost_receipt_count": 5, "reported_cost_usd": 0.0190312, "route_receipt_count": 5, "unreported_cost_receipt_count": 0}}
{"started": {"repetition": 2, "case": "capability_honesty_golden_cross_control_aapl", "arm": "candidate", "index": 52}}
{"completed": "52-candidate-r2", "case": "capability_honesty_golden_cross_control_aapl", "status": "failed", "failed_checks": ["capability_verdict: expected 'executable', got 'needs_clarification'", "effective_date_range: expected {'start': '2022-01-03', 'end': '2025-01-02'}, got {'start': '2022-01-02', 'end': '2025-01-02'}", "adjustment_reason: expected 'calendar_alignment', got None", "stage_outcomes: expected ['ready_for_confirmation', 'await_approval'], got ['needs_clarification', 'await_user_reply']", "offered.launch_payload: no launch reached the turn"], "provider_usage": {"reported_cost_receipt_count": 6, "reported_cost_usd": 0.0309534, "route_receipt_count": 9, "unreported_cost_receipt_count": 3}}
{"started": {"repetition": 2, "case": "messy_english_post_result_fact_then_capital_edit_issue_160", "arm": "candidate", "index": 53}}
{"completed": "53-candidate-r2", "case": "messy_english_post_result_fact_then_capital_edit_issue_160", "status": "passed", "failed_checks": [], "provider_usage": {"reported_cost_receipt_count": 3, "reported_cost_usd": 0.01398875, "route_receipt_count": 3, "unreported_cost_receipt_count": 0}}
{"started": {"repetition": 2, "case": "messy_english_post_result_fact_then_capital_edit_issue_160", "arm": "baseline", "index": 54}}
{"completed": "54-baseline-r2", "case": "messy_english_post_result_fact_then_capital_edit_issue_160", "status": "passed", "failed_checks": [], "provider_usage": {"reported_cost_receipt_count": 3, "reported_cost_usd": 0.0241674, "route_receipt_count": 3, "unreported_cost_receipt_count": 0}}
{"started": {"repetition": 2, "case": "ordinary_conversation_concept_inflation_es", "arm": "baseline", "index": 55}}
{"completed": "55-baseline-r2", "case": "ordinary_conversation_concept_inflation_es", "status": "passed", "failed_checks": [], "provider_usage": {"reported_cost_receipt_count": 3, "reported_cost_usd": 0.0151488756, "route_receipt_count": 3, "unreported_cost_receipt_count": 0}}
{"started": {"repetition": 2, "case": "ordinary_conversation_concept_inflation_es", "arm": "candidate", "index": 56}}
{"completed": "56-candidate-r2", "case": "ordinary_conversation_concept_inflation_es", "status": "passed", "failed_checks": [], "provider_usage": {"reported_cost_receipt_count": 3, "reported_cost_usd": 0.00731701, "route_receipt_count": 3, "unreported_cost_receipt_count": 0}}
Partial interleaved measurement completed; this is not a full-suite scorecard.
