{
  "scope": "REFUSED_INCOMPLETE_TERMINAL_SUMMARY",
  "terminal_summary_allowed": false,
  "expected_outputs": 56,
  "valid_outputs": 37,
  "problems": [
    "38-baseline-r2.json: Missing 38-baseline-r2.json",
    "39-baseline-r2.json: Missing 39-baseline-r2.json",
    "40-candidate-r2.json: Missing 40-candidate-r2.json",
    "41-candidate-r2.json: Missing 41-candidate-r2.json",
    "42-baseline-r2.json: Missing 42-baseline-r2.json",
    "43-baseline-r2.json: Missing 43-baseline-r2.json",
    "44-candidate-r2.json: Missing 44-candidate-r2.json",
    "45-candidate-r2.json: Missing 45-candidate-r2.json",
    "46-baseline-r2.json: Missing 46-baseline-r2.json",
    "47-baseline-r2.json: Missing 47-baseline-r2.json",
    "48-candidate-r2.json: Missing 48-candidate-r2.json",
    "49-candidate-r2.json: Missing 49-candidate-r2.json",
    "50-baseline-r2.json: Missing 50-baseline-r2.json",
    "51-baseline-r2.json: Missing 51-baseline-r2.json",
    "52-candidate-r2.json: Missing 52-candidate-r2.json",
    "53-candidate-r2.json: Missing 53-candidate-r2.json",
    "54-baseline-r2.json: Missing 54-baseline-r2.json",
    "55-baseline-r2.json: Missing 55-baseline-r2.json",
    "56-candidate-r2.json: Missing 56-candidate-r2.json"
  ],
  "missing_outputs": [
    "38-baseline-r2.json",
    "39-baseline-r2.json",
    "40-candidate-r2.json",
    "41-candidate-r2.json",
    "42-baseline-r2.json",
    "43-baseline-r2.json",
    "44-candidate-r2.json",
    "45-candidate-r2.json",
    "46-baseline-r2.json",
    "47-baseline-r2.json",
    "48-candidate-r2.json",
    "49-candidate-r2.json",
    "50-baseline-r2.json",
    "51-baseline-r2.json",
    "52-candidate-r2.json",
    "53-candidate-r2.json",
    "54-baseline-r2.json",
    "55-baseline-r2.json",
    "56-candidate-r2.json"
  ]
}
