backend-checks	Run backend regression suite	﻿2026-09-13T02:47:32.2849162Z ##[group]Run poetry run pytest tests -q --no-cov
backend-checks	Run backend regression suite	2026-09-13T02:47:32.2849556Z ^[[36;1mpoetry run pytest tests -q --no-cov^[[0m
backend-checks	Run backend regression suite	2026-09-13T02:47:32.2889297Z shell: /usr/bin/bash -e {0}
backend-checks	Run backend regression suite	2026-09-13T02:47:32.2889569Z env:
backend-checks	Run backend regression suite	2026-09-13T02:47:32.2889793Z   ARGUS_CI_BUN_VERSION: 1.3.14
backend-checks	Run backend regression suite	2026-09-13T02:47:32.2890123Z   pythonLocation: /opt/hostedtoolcache/Python/3.10.21/x64
backend-checks	Run backend regression suite	2026-09-13T02:47:32.2890574Z   PKG_CONFIG_PATH: /opt/hostedtoolcache/Python/3.10.21/x64/lib/pkgconfig
backend-checks	Run backend regression suite	2026-09-13T02:47:32.2891013Z   Python_ROOT_DIR: /opt/hostedtoolcache/Python/3.10.21/x64
backend-checks	Run backend regression suite	2026-09-13T02:47:32.2891412Z   Python2_ROOT_DIR: /opt/hostedtoolcache/Python/3.10.21/x64
backend-checks	Run backend regression suite	2026-09-13T02:47:32.2891798Z   Python3_ROOT_DIR: /opt/hostedtoolcache/Python/3.10.21/x64
backend-checks	Run backend regression suite	2026-09-13T02:47:32.2892286Z   LD_LIBRARY_PATH: /opt/hostedtoolcache/Python/3.10.21/x64/lib
backend-checks	Run backend regression suite	2026-09-13T02:47:32.2892620Z ##[endgroup]
backend-checks	Run backend regression suite	2026-09-13T02:48:16.9500840Z ============================= test session starts ==============================
backend-checks	Run backend regression suite	2026-09-13T02:48:16.9503004Z platform linux -- Python 3.10.21, pytest-8.4.2, pluggy-1.6.0
backend-checks	Run backend regression suite	2026-09-13T02:48:16.9504829Z benchmark: 5.2.3 (defaults: timer=time.perf_counter disable_gc=False min_rounds=5 min_time=0.000005 max_time=1.0 calibration_precision=10 warmup=False warmup_iterations=100000)
backend-checks	Run backend regression suite	2026-09-13T02:48:16.9506057Z rootdir: /home/runner/work/argus/argus
backend-checks	Run backend regression suite	2026-09-13T02:48:16.9506531Z configfile: pyproject.toml
backend-checks	Run backend regression suite	2026-09-13T02:48:16.9507442Z plugins: Faker-30.10.0, respx-0.23.1, hypothesis-6.151.12, benchmark-5.2.3, langsmith-0.7.31, anyio-4.13.0, mock-3.15.1, asyncio-1.4.0, cov-7.0.0
backend-checks	Run backend regression suite	2026-09-13T02:48:16.9508830Z asyncio: mode=strict, debug=False, asyncio_default_fixture_loop_scope=None, asyncio_default_test_loop_scope=function
backend-checks	Run backend regression suite	2026-09-13T02:48:16.9509712Z collected 8447 items
backend-checks	Run backend regression suite	2026-09-13T02:48:16.9509925Z
backend-checks	Run backend regression suite	2026-09-13T02:48:16.9963711Z tests/agent_runtime/discovery/test_discovery_composer.py ............... [  0%]
backend-checks	Run backend regression suite	2026-09-13T02:48:17.1344611Z ..............................                                           [  0%]
backend-checks	Run backend regression suite	2026-09-13T02:48:17.1368511Z tests/agent_runtime/discovery/test_discovery_extraction.py .             [  0%]
backend-checks	Run backend regression suite	2026-09-13T02:48:17.1684646Z tests/agent_runtime/discovery/test_discovery_route.py .............      [  0%]
backend-checks	Run backend regression suite	2026-09-13T02:48:17.1764355Z tests/agent_runtime/discovery/test_discovery_selection_action.py ......  [  0%]
backend-checks	Run backend regression suite	2026-09-13T02:48:17.1948257Z tests/agent_runtime/discovery/test_discovery_validation.py ............. [  0%]
backend-checks	Run backend regression suite	2026-09-13T02:48:17.2000216Z ...                                                                      [  0%]
backend-checks	Run backend regression suite	2026-09-13T02:48:17.2097489Z tests/agent_runtime/discovery/test_guest_discovery_allowance.py ........ [  1%]
backend-checks	Run backend regression suite	2026-09-13T02:48:17.2251779Z ............                                                             [  1%]
backend-checks	Run backend regression suite	2026-09-13T02:48:17.2341321Z tests/agent_runtime/test_artifact_assumption_facts.py ......             [  1%]
backend-checks	Run backend regression suite	2026-09-13T02:48:17.2849285Z tests/agent_runtime/test_artifact_continuity.py ........................ [  1%]
backend-checks	Run backend regression suite	2026-09-13T02:48:17.2969819Z .........                                                                [  1%]
backend-checks	Run backend regression suite	2026-09-13T02:48:17.3267283Z tests/agent_runtime/test_artifact_edit_operations.py ................... [  1%]
backend-checks	Run backend regression suite	2026-09-13T02:48:17.6259921Z ........................................................................ [  2%]
backend-checks	Run backend regression suite	2026-09-13T02:48:17.6610402Z .........                                                                [  2%]
backend-checks	Run backend regression suite	2026-09-13T02:48:17.6779440Z tests/agent_runtime/test_asset_discovery_schema_contract.py .            [  2%]
backend-checks	Run backend regression suite	2026-09-13T02:48:17.6987353Z tests/agent_runtime/test_benchmark_coverage.py .............             [  3%]
backend-checks	Run backend regression suite	2026-09-13T02:48:17.7269990Z tests/agent_runtime/test_benchmark_gap_owner.py .........                [  3%]
backend-checks	Run backend regression suite	2026-09-13T02:48:17.7378541Z tests/agent_runtime/test_capacity_refusal_copy.py .......                [  3%]
backend-checks	Run backend regression suite	2026-09-13T02:48:17.8879697Z tests/agent_runtime/test_chip_clarify_edit_routing.py .................. [  3%]
backend-checks	Run backend regression suite	2026-09-13T02:48:17.8939706Z ..                                                                       [  3%]
backend-checks	Run backend regression suite	2026-09-13T02:48:17.9195660Z tests/agent_runtime/test_chip_completion_guards.py ..................    [  3%]
backend-checks	Run backend regression suite	2026-09-13T02:48:17.9711878Z tests/agent_runtime/test_compound_edit_contract.py ...................   [  3%]
backend-checks	Run backend regression suite	2026-09-13T02:48:18.0078656Z tests/agent_runtime/test_confirm_mixed_asset_preflight.py ...........    [  4%]
backend-checks	Run backend regression suite	2026-09-13T02:48:18.0146854Z tests/agent_runtime/test_confirmation_artifacts.py .....                 [  4%]
backend-checks	Run backend regression suite	2026-09-13T02:48:18.0431788Z tests/agent_runtime/test_confirmation_liveness.py ....................   [  4%]
backend-checks	Run backend regression suite	2026-09-13T02:48:18.1038341Z tests/agent_runtime/test_conversation_stages.py ........................ [  4%]
backend-checks	Run backend regression suite	2026-09-13T02:48:18.6560436Z .........................................................                [  5%]
backend-checks	Run backend regression suite	2026-09-13T02:48:18.7038861Z tests/agent_runtime/test_conversational_contract_hardening.py .......... [  5%]
backend-checks	Run backend regression suite	2026-09-13T02:48:18.9065755Z ........................................................................ [  6%]
backend-checks	Run backend regression suite	2026-09-13T02:48:21.8009832Z ....................................................................     [  7%]
backend-checks	Run backend regression suite	2026-09-13T02:48:21.8105248Z tests/agent_runtime/test_conversion_failure_transport.py .....           [  7%]
backend-checks	Run backend regression suite	2026-09-13T02:48:21.8702858Z tests/agent_runtime/test_cost_fidelity_stage_clarification.py .......... [  7%]
backend-checks	Run backend regression suite	2026-09-13T02:48:21.8894132Z ............                                                             [  7%]
backend-checks	Run backend regression suite	2026-09-13T02:48:21.9198462Z tests/agent_runtime/test_dca_money_role_audits.py ...................... [  7%]
backend-checks	Run backend regression suite	2026-09-13T02:48:21.9413661Z ..............                                                           [  7%]
backend-checks	Run backend regression suite	2026-09-13T02:48:21.9578749Z tests/agent_runtime/test_discovery_focused_read.py ...........           [  7%]
backend-checks	Run backend regression suite	2026-09-13T02:48:21.9654284Z tests/agent_runtime/test_discovery_payload_routing.py ....               [  7%]
backend-checks	Run backend regression suite	2026-09-13T02:48:22.3804785Z tests/agent_runtime/test_edit_carrier_conflicts.py ..................... [  8%]
backend-checks	Run backend regression suite	2026-09-13T02:48:22.6280872Z ..............                                                           [  8%]
backend-checks	Run backend regression suite	2026-09-13T02:48:22.6376335Z tests/agent_runtime/test_execute_launch_payload.py .......               [  8%]
backend-checks	Run backend regression suite	2026-09-13T02:48:22.8360137Z tests/agent_runtime/test_execute_recovery.py ........................... [  8%]
backend-checks	Run backend regression suite	2026-09-13T02:48:22.9502349Z ..............................                                           [  9%]
backend-checks	Run backend regression suite	2026-09-13T02:48:22.9547378Z tests/agent_runtime/test_focused_repair_asset_reconciliation.py ...      [  9%]
backend-checks	Run backend regression suite	2026-09-13T02:48:22.9634679Z tests/agent_runtime/test_focused_repair_preservation.py ....             [  9%]
backend-checks	Run backend regression suite	2026-09-13T02:48:22.9930619Z tests/agent_runtime/test_forward_question_routing.py ...............     [  9%]
backend-checks	Run backend regression suite	2026-09-13T02:48:23.0373759Z tests/agent_runtime/test_future_performance_admission.py ............... [  9%]
backend-checks	Run backend regression suite	2026-09-13T02:48:23.0791225Z ...........                                                              [  9%]
backend-checks	Run backend regression suite	2026-09-13T02:48:23.1064184Z tests/agent_runtime/test_future_temporal_direction.py ..........         [  9%]
backend-checks	Run backend regression suite	2026-09-13T02:48:23.1532189Z tests/agent_runtime/test_graded_interpretation_routing.py ........       [  9%]
backend-checks	Run backend regression suite	2026-09-13T02:48:23.1753843Z tests/agent_runtime/test_history_start_guidance.py ....                  [  9%]
backend-checks	Run backend regression suite	2026-09-13T02:48:23.2618354Z tests/agent_runtime/test_interpret_stage.py ............................ [ 10%]
backend-checks	Run backend regression suite	2026-09-13T02:48:23.5477577Z ........................................................................ [ 11%]
backend-checks	Run backend regression suite	2026-09-13T02:48:23.9813290Z ........................................................................ [ 11%]
backend-checks	Run backend regression suite	2026-09-13T02:48:24.1809467Z ..........................                                               [ 12%]
backend-checks	Run backend regression suite	2026-09-13T02:48:24.2034585Z tests/agent_runtime/test_interpretation_contract_rejections.py ......... [ 12%]
backend-checks	Run backend regression suite	2026-09-13T02:48:24.2062771Z .                                                                        [ 12%]
backend-checks	Run backend regression suite	2026-09-13T02:48:24.2188052Z tests/agent_runtime/test_interpretation_repair_observability.py ....     [ 12%]
backend-checks	Run backend regression suite	2026-09-13T02:48:24.2306927Z tests/agent_runtime/test_interpreter_latest_result_context.py ......     [ 12%]
backend-checks	Run backend regression suite	2026-09-13T02:48:24.2333307Z tests/agent_runtime/test_issue_154_s1_runtime_prose_boundary.py .        [ 12%]
backend-checks	Run backend regression suite	2026-09-13T02:48:24.2386841Z tests/agent_runtime/test_issue_154_s3_recovery_i18n_contract.py ....     [ 12%]
backend-checks	Run backend regression suite	2026-09-13T02:48:24.3101134Z tests/agent_runtime/test_issue_270_strategy_transitions.py ......        [ 12%]
backend-checks	Run backend regression suite	2026-09-13T02:48:24.3615118Z tests/agent_runtime/test_issue_271_cost_fidelity_audit.py .............. [ 12%]
backend-checks	Run backend regression suite	2026-09-13T02:48:24.5532865Z ...........                                                              [ 12%]
backend-checks	Run backend regression suite	2026-09-13T02:48:24.5653729Z tests/agent_runtime/test_issue_271_modeled_cost_preservation.py ........ [ 13%]
backend-checks	Run backend regression suite	2026-09-13T02:48:24.7511270Z ............................                                             [ 13%]
backend-checks	Run backend regression suite	2026-09-13T02:48:24.8068548Z tests/agent_runtime/test_issue_345_recommendation_continuity.py ........ [ 13%]
backend-checks	Run backend regression suite	2026-09-13T02:48:24.9356434Z .....                                                                    [ 13%]
backend-checks	Run backend regression suite	2026-09-13T02:48:24.9563043Z tests/agent_runtime/test_issue_453_cause_projection.py .............     [ 13%]
backend-checks	Run backend regression suite	2026-09-13T02:48:25.4056233Z tests/agent_runtime/test_issue_453_focused_repair.py ....                [ 13%]
backend-checks	Run backend regression suite	2026-09-13T02:48:25.4455367Z tests/agent_runtime/test_issue_483_resolved_state.py .......             [ 13%]
backend-checks	Run backend regression suite	2026-09-13T02:48:25.4734446Z tests/agent_runtime/test_knowledge_answer.py .............               [ 13%]
backend-checks	Run backend regression suite	2026-09-13T02:48:25.5111725Z tests/agent_runtime/test_latest_result_fact_answers.py ................. [ 14%]
backend-checks	Run backend regression suite	2026-09-13T02:48:25.8017160Z ...............                                                          [ 14%]
backend-checks	Run backend regression suite	2026-09-13T02:48:29.4993733Z tests/agent_runtime/test_latest_result_window_binding.py ......          [ 14%]
backend-checks	Run backend regression suite	2026-09-13T02:48:29.5009324Z tests/agent_runtime/test_llm_interpreter_artifact_capability_repairs.py . [ 14%]
backend-checks	Run backend regression suite	2026-09-13T02:48:32.9982454Z ........................................................................ [ 15%]
backend-checks	Run backend regression suite	2026-09-13T02:48:33.0638986Z .....                                                                    [ 15%]
backend-checks	Run backend regression suite	2026-09-13T02:48:34.9269126Z tests/agent_runtime/test_llm_interpreter_date_window_repairs.py ........ [ 15%]
backend-checks	Run backend regression suite	2026-09-13T02:48:41.5394926Z ........................................                                 [ 15%]
backend-checks	Run backend regression suite	2026-09-13T02:48:41.5405265Z tests/agent_runtime/test_llm_interpreter_grounding_and_signal_rules.py . [ 15%]
backend-checks	Run backend regression suite	2026-09-13T02:48:42.0904274Z ........................................................................ [ 16%]
backend-checks	Run backend regression suite	2026-09-13T02:48:42.1194855Z ......                                                                   [ 16%]
backend-checks	Run backend regression suite	2026-09-13T02:48:42.1322800Z tests/agent_runtime/test_llm_interpreter_semantic_contracts.py ......... [ 16%]
backend-checks	Run backend regression suite	2026-09-13T02:48:50.2485586Z ................................................................         [ 17%]
backend-checks	Run backend regression suite	2026-09-13T02:48:50.4753101Z tests/agent_runtime/test_next_experiments.py ....................        [ 17%]
backend-checks	Run backend regression suite	2026-09-13T02:48:50.5735486Z tests/agent_runtime/test_options_semantic_admission.py ................. [ 18%]
backend-checks	Run backend regression suite	2026-09-13T02:48:50.7207340Z ..................                                                       [ 18%]
backend-checks	Run backend regression suite	2026-09-13T02:48:50.7673640Z tests/agent_runtime/test_ordinary_turn_runs_no_audits.py ............... [ 18%]
backend-checks	Run backend regression suite	2026-09-13T02:48:50.7681907Z                                                                          [ 18%]
backend-checks	Run backend regression suite	2026-09-13T02:48:51.1603119Z tests/agent_runtime/test_pending_edit_card_paths.py .................... [ 18%]
backend-checks	Run backend regression suite	2026-09-13T02:48:51.2208753Z ......                                                                   [ 18%]
backend-checks	Run backend regression suite	2026-09-13T02:48:51.2420558Z tests/agent_runtime/test_pending_edit_outcome_contract.py .............. [ 19%]
backend-checks	Run backend regression suite	2026-09-13T02:48:51.2508497Z .....                                                                    [ 19%]
backend-checks	Run backend regression suite	2026-09-13T02:48:51.3091577Z tests/agent_runtime/test_pending_setup_continuation.py ................. [ 19%]
backend-checks	Run backend regression suite	2026-09-13T02:48:51.6749349Z ........................................................................ [ 20%]
backend-checks	Run backend regression suite	2026-09-13T02:48:51.7281889Z ............                                                             [ 20%]
backend-checks	Run backend regression suite	2026-09-13T02:48:52.1070160Z tests/agent_runtime/test_post_result_edit_routing.py ...............     [ 20%]
backend-checks	Run backend regression suite	2026-09-13T02:48:54.7837223Z tests/agent_runtime/test_private_artifact_prose_boundary.py ............ [ 20%]
backend-checks	Run backend regression suite	2026-09-13T02:48:54.7845836Z                                                                          [ 20%]
backend-checks	Run backend regression suite	2026-09-13T02:48:54.8209685Z tests/agent_runtime/test_provider_asset_ownership.py ................... [ 20%]
backend-checks	Run backend regression suite	2026-09-13T02:48:54.8482645Z .........                                                                [ 20%]
backend-checks	Run backend regression suite	2026-09-13T02:48:54.8652877Z tests/agent_runtime/test_provider_context_asset_catalog.py .......       [ 21%]
backend-checks	Run backend regression suite	2026-09-13T02:48:54.8717662Z tests/agent_runtime/test_real_backtest_tool.py .....                     [ 21%]
backend-checks	Run backend regression suite	2026-09-13T02:48:54.8965920Z tests/agent_runtime/test_recognition_contract_guards.py ................ [ 21%]
backend-checks	Run backend regression suite	2026-09-13T02:48:54.9402300Z .............................                                            [ 21%]
backend-checks	Run backend regression suite	2026-09-13T02:48:54.9422776Z tests/agent_runtime/test_recovery_composer.py .                          [ 21%]
backend-checks	Run backend regression suite	2026-09-13T02:48:55.2193349Z tests/agent_runtime/test_recovery_edit_outcomes.py ..................... [ 21%]
backend-checks	Run backend regression suite	2026-09-13T02:48:55.2257633Z ..                                                                       [ 21%]
backend-checks	Run backend regression suite	2026-09-13T02:48:55.2670930Z tests/agent_runtime/test_refine_action_edit_routing.py ..............    [ 22%]
backend-checks	Run backend regression suite	2026-09-13T02:48:55.3811332Z tests/agent_runtime/test_registered_backtest_legacy_workflow.py ...      [ 22%]
backend-checks	Run backend regression suite	2026-09-13T02:48:55.4319522Z tests/agent_runtime/test_registered_backtest_presentation.py ........... [ 22%]
backend-checks	Run backend regression suite	2026-09-13T02:48:55.4497783Z ......                                                                   [ 22%]
backend-checks	Run backend regression suite	2026-09-13T02:48:55.5290412Z tests/agent_runtime/test_registered_tool_execution.py .................. [ 22%]
backend-checks	Run backend regression suite	2026-09-13T02:48:55.5948210Z ..............                                                           [ 22%]
backend-checks	Run backend regression suite	2026-09-13T02:48:55.6193906Z tests/agent_runtime/test_research_routing_contract.py .................. [ 22%]
backend-checks	Run backend regression suite	2026-09-13T02:48:55.6584589Z .......................                                                  [ 23%]
backend-checks	Run backend regression suite	2026-09-13T02:48:55.8350838Z tests/agent_runtime/test_resolution_context.py ...............           [ 23%]
backend-checks	Run backend regression suite	2026-09-13T02:48:55.8443488Z tests/agent_runtime/test_response_style_contract.py .......              [ 23%]
backend-checks	Run backend regression suite	2026-09-13T02:48:55.9300800Z tests/agent_runtime/test_result_conversation.py .............            [ 23%]
backend-checks	Run backend regression suite	2026-09-13T02:48:55.9477023Z tests/agent_runtime/test_result_conversation_wording.py ......           [ 23%]
backend-checks	Run backend regression suite	2026-09-13T02:48:56.1286359Z tests/agent_runtime/test_result_fact_answer_guard.py ................... [ 23%]
backend-checks	Run backend regression suite	2026-09-13T02:48:56.2732437Z .................                                                        [ 24%]
backend-checks	Run backend regression suite	2026-09-13T02:48:56.3588052Z tests/agent_runtime/test_result_followup_answers.py ...................  [ 24%]
backend-checks	Run backend regression suite	2026-09-13T02:48:56.4111533Z tests/agent_runtime/test_result_followup_research_scope.py ............. [ 24%]
backend-checks	Run backend regression suite	2026-09-13T02:48:56.4324786Z ...                                                                      [ 24%]
backend-checks	Run backend regression suite	2026-09-13T02:48:56.4436640Z tests/agent_runtime/test_result_followups.py ........                    [ 24%]
backend-checks	Run backend regression suite	2026-09-13T02:48:56.4522820Z tests/agent_runtime/test_result_next_steps.py .......                    [ 24%]
backend-checks	Run backend regression suite	2026-09-13T02:48:56.5769697Z tests/agent_runtime/test_runtime_semantic_boundaries.py ......           [ 24%]
backend-checks	Run backend regression suite	2026-09-13T02:48:56.5870756Z tests/agent_runtime/test_runtime_substage_merge.py ....                  [ 24%]
backend-checks	Run backend regression suite	2026-09-13T02:49:00.6408928Z tests/agent_runtime/test_shared_loop_import_boundary.py ................ [ 24%]
backend-checks	Run backend regression suite	2026-09-13T02:49:01.3288806Z .                                                                        [ 24%]
backend-checks	Run backend regression suite	2026-09-13T02:49:01.3351034Z tests/agent_runtime/test_simplification_option_identity.py .....         [ 25%]
backend-checks	Run backend regression suite	2026-09-13T02:49:03.9253641Z tests/agent_runtime/test_spanish_runtime_transcripts.py ............     [ 25%]
backend-checks	Run backend regression suite	2026-09-13T02:49:03.9635377Z tests/agent_runtime/test_state_models.py ..............................  [ 25%]
backend-checks	Run backend regression suite	2026-09-13T02:49:03.9953830Z tests/agent_runtime/test_strategy_contract.py .......................... [ 25%]
backend-checks	Run backend regression suite	2026-09-13T02:49:04.0065304Z .........                                                                [ 25%]
backend-checks	Run backend regression suite	2026-09-13T02:49:04.0841430Z tests/agent_runtime/test_turn_execution.py ................              [ 26%]
backend-checks	Run backend regression suite	2026-09-13T02:49:04.1179702Z tests/agent_runtime/test_turn_progress.py ...................            [ 26%]
backend-checks	Run backend regression suite	2026-09-13T02:49:04.1281044Z tests/agent_runtime/test_unsupported_fallback_honesty.py .....           [ 26%]
backend-checks	Run backend regression suite	2026-09-13T02:49:04.1479509Z tests/agent_runtime/test_unsupported_recovery_asset_conservation.py .... [ 26%]
backend-checks	Run backend regression suite	2026-09-13T02:49:04.1550136Z ..                                                                       [ 26%]
backend-checks	Run backend regression suite	2026-09-13T02:49:04.1638325Z tests/agent_runtime/test_validation_failure_copy.py .......              [ 26%]
backend-checks	Run backend regression suite	2026-09-13T02:49:04.8597534Z tests/agent_runtime/test_workflow.py ................................... [ 26%]
backend-checks	Run backend regression suite	2026-09-13T02:49:04.9183030Z ...                                                                      [ 27%]
backend-checks	Run backend regression suite	2026-09-13T02:49:04.9693039Z tests/agent_runtime/test_workspace_language_prose.py ................... [ 27%]
backend-checks	Run backend regression suite	2026-09-13T02:49:05.0860945Z ........................................................................ [ 28%]
backend-checks	Run backend regression suite	2026-09-13T02:49:05.6585446Z ........................................                                 [ 28%]
backend-checks	Run backend regression suite	2026-09-13T02:49:05.6683195Z tests/context/test_context_packets.py ........                           [ 28%]
backend-checks	Run backend regression suite	2026-09-13T02:49:05.6719218Z tests/context/test_freshness_policy.py ...                               [ 28%]
backend-checks	Run backend regression suite	2026-09-13T02:49:22.1808798Z tests/domain/test_backtest_math_audit_invariants.py .................... [ 28%]
backend-checks	Run backend regression suite	2026-09-13T02:49:22.2442872Z ......................                                                   [ 29%]
backend-checks	Run backend regression suite	2026-09-13T02:49:22.2490021Z tests/domain/test_benchmark_comparison.py ....                           [ 29%]
backend-checks	Run backend regression suite	2026-09-13T02:49:22.3715062Z tests/domain/test_benchmark_curve_contract.py ...............            [ 29%]
backend-checks	Run backend regression suite	2026-09-13T02:49:22.4048868Z tests/domain/test_capability_registry.py ......................          [ 29%]
backend-checks	Run backend regression suite	2026-09-13T02:49:22.4743729Z tests/domain/test_dca_benchmark_observed_fills.py .......                [ 29%]
backend-checks	Run backend regression suite	2026-09-13T02:49:25.0431872Z tests/domain/test_dca_capital_semantics.py ............................. [ 30%]
backend-checks	Run backend regression suite	2026-09-13T02:49:25.1843522Z ................................................................         [ 30%]
backend-checks	Run backend regression suite	2026-09-13T02:49:27.0884946Z tests/domain/test_dca_flow_adjusted_metrics.py ....................      [ 31%]
backend-checks	Run backend regression suite	2026-09-13T02:49:27.1345423Z tests/domain/test_dca_trading_day_rule.py ............                   [ 31%]
backend-checks	Run backend regression suite	2026-09-13T02:49:27.1748726Z tests/domain/test_discovery_search_adapters.py ......................... [ 31%]
backend-checks	Run backend regression suite	2026-09-13T02:49:27.1950821Z .............                                                            [ 31%]
backend-checks	Run backend regression suite	2026-09-13T02:49:27.2161611Z tests/domain/test_discovery_search_contracts.py ..................       [ 31%]
backend-checks	Run backend regression suite	2026-09-13T02:49:27.2196384Z tests/domain/test_edit_contract.py ...                                   [ 31%]
backend-checks	Run backend regression suite	2026-09-13T02:49:27.2463725Z tests/domain/test_engine_execution_ledger.py ........                    [ 32%]
backend-checks	Run backend regression suite	2026-09-13T02:49:27.4892528Z tests/domain/test_engine_launch.py ..................................... [ 32%]
backend-checks	Run backend regression suite	2026-09-13T02:49:27.6205061Z ...............                                                          [ 32%]
backend-checks	Run backend regression suite	2026-09-13T02:49:27.6419906Z tests/domain/test_engine_launch_display.py ..................            [ 32%]
backend-checks	Run backend regression suite	2026-09-13T02:49:27.6504445Z tests/domain/test_indicator_registry.py .......                          [ 32%]
backend-checks	Run backend regression suite	2026-09-13T02:49:27.6578492Z tests/domain/test_latest_complete_data.py ......                         [ 33%]
backend-checks	Run backend regression suite	2026-09-13T02:49:27.6784508Z tests/domain/test_market_data_assets.py ......                           [ 33%]
backend-checks	Run backend regression suite	2026-09-13T02:49:27.6859153Z tests/domain/test_market_data_capabilities.py ......                     [ 33%]
backend-checks	Run backend regression suite	2026-09-13T02:49:27.9771072Z tests/domain/test_market_data_coverage.py .............................. [ 33%]
backend-checks	Run backend regression suite	2026-09-13T02:49:28.1565247Z ....................                                                     [ 33%]
backend-checks	Run backend regression suite	2026-09-13T02:49:28.1787259Z tests/domain/test_market_session.py ..................                   [ 33%]
backend-checks	Run backend regression suite	2026-09-13T02:49:28.3115578Z tests/domain/test_modeled_execution_costs.py .........                   [ 34%]
backend-checks	Run backend regression suite	2026-09-13T02:49:28.4176290Z tests/domain/test_pretrade_baseline_metrics.py .......                   [ 34%]
backend-checks	Run backend regression suite	2026-09-13T02:49:28.4365401Z tests/domain/test_result_chart_exploration.py .....                      [ 34%]
backend-checks	Run backend regression suite	2026-09-13T02:49:28.4676118Z tests/domain/test_rule_compiler.py .......                               [ 34%]
backend-checks	Run backend regression suite	2026-09-13T02:49:28.4713314Z tests/domain/test_rule_descriptions.py ...                               [ 34%]
backend-checks	Run backend regression suite	2026-09-13T02:49:28.8036542Z tests/domain/test_tool_argument_boundaries.py ...................        [ 34%]
backend-checks	Run backend regression suite	2026-09-13T02:49:28.9165220Z tests/domain/test_tool_declaration.py .................................. [ 34%]
backend-checks	Run backend regression suite	2026-09-13T02:49:29.1638174Z .................................................                        [ 35%]
backend-checks	Run backend regression suite	2026-09-13T02:49:30.0018048Z tests/domain/test_tool_registry_import_boundary.py .....                 [ 35%]
backend-checks	Run backend regression suite	2026-09-13T02:49:30.0206688Z tests/evals/test_chat_runtime_eval_manifest.py ............              [ 35%]
backend-checks	Run backend regression suite	2026-09-13T02:49:34.6687646Z tests/evals/test_chat_runtime_trajectory_harness.py .................... [ 35%]
backend-checks	Run backend regression suite	2026-09-13T02:49:34.7023184Z ...............                                                          [ 36%]
backend-checks	Run backend regression suite	2026-09-13T02:49:36.8971493Z tests/evals/test_measurement_availability.py ..........                  [ 36%]
backend-checks	Run backend regression suite	2026-09-13T02:49:36.9378427Z tests/evals/test_measurement_delivery.py ............................... [ 36%]
backend-checks	Run backend regression suite	2026-09-13T02:49:37.0069653Z ...............................................                          [ 37%]
backend-checks	Run backend regression suite	2026-09-13T02:49:37.0106110Z tests/evals/test_measurement_eval_dca_semantics.py ...                   [ 37%]
backend-checks	Run backend regression suite	2026-09-13T02:49:37.0138549Z tests/evals/test_measurement_eval_followup_snapshot.py ..                [ 37%]
backend-checks	Run backend regression suite	2026-09-13T02:49:39.4978225Z tests/evals/test_measurement_eval_harness.py ..........................  [ 37%]
backend-checks	Run backend regression suite	2026-09-13T02:49:40.7961197Z tests/evals/test_measurement_eval_issue_498.py ...                       [ 37%]
backend-checks	Run backend regression suite	2026-09-13T02:49:40.7977015Z tests/evals/test_measurement_eval_live.py s                              [ 37%]
backend-checks	Run backend regression suite	2026-09-13T02:49:42.9269244Z tests/evals/test_measurement_eval_live_environment.py .......            [ 37%]
backend-checks	Run backend regression suite	2026-09-13T02:49:43.9637075Z tests/evals/test_measurement_eval_scorecard.py ..................        [ 37%]
backend-checks	Run backend regression suite	2026-09-13T02:49:43.9796357Z tests/evals/test_measurement_outcome.py .............                    [ 38%]
backend-checks	Run backend regression suite	2026-09-13T02:49:44.7157799Z tests/evals/test_prose_evidence.py ..................................... [ 38%]
backend-checks	Run backend regression suite	2026-09-13T02:49:44.7490015Z ....................                                                     [ 38%]
backend-checks	Run backend regression suite	2026-09-13T02:49:44.7505750Z tests/evals/test_research_routing_live.py s                              [ 38%]
backend-checks	Run backend regression suite	2026-09-13T02:49:44.7817348Z tests/evals/test_result_readout_eval.py ................                 [ 38%]
backend-checks	Run backend regression suite	2026-09-13T02:49:45.6909483Z tests/evals/test_result_readout_probe.py ...........................     [ 39%]
backend-checks	Run backend regression suite	2026-09-13T02:49:45.7250511Z tests/evals/test_search_provider_eval.py ....................            [ 39%]
backend-checks	Run backend regression suite	2026-09-13T02:49:45.8644854Z tests/memory/test_api_guest_isolation.py ....                            [ 39%]
backend-checks	Run backend regression suite	2026-09-13T02:49:46.0684800Z tests/memory/test_api_registered_endpoints.py .....                      [ 39%]
backend-checks	Run backend regression suite	2026-09-13T02:49:46.2451855Z tests/memory/test_api_role_gate.py ........                              [ 39%]
backend-checks	Run backend regression suite	2026-09-13T02:49:46.3906550Z tests/memory/test_api_sensitivity_assessment.py .........                [ 39%]
backend-checks	Run backend regression suite	2026-09-13T02:49:46.3980859Z tests/memory/test_chat_memory_recall.py .....                            [ 39%]
backend-checks	Run backend regression suite	2026-09-13T02:49:46.4026433Z tests/memory/test_confirm_stored_sensitivity.py ...                      [ 39%]
backend-checks	Run backend regression suite	2026-09-13T02:49:46.4155887Z tests/memory/test_consent_integrity.py .........                         [ 40%]
backend-checks	Run backend regression suite	2026-09-13T02:49:46.6890515Z tests/memory/test_controls.py .......................................... [ 40%]
backend-checks	Run backend regression suite	2026-09-13T02:49:47.0216441Z .................                                                        [ 40%]
backend-checks	Run backend regression suite	2026-09-13T02:49:47.0557604Z tests/memory/test_conversion_zero_state.py ............................. [ 41%]
backend-checks	Run backend regression suite	2026-09-13T02:49:47.0733729Z ...............                                                          [ 41%]
backend-checks	Run backend regression suite	2026-09-13T02:49:47.0761038Z tests/memory/test_guest_isolation.py ..                                  [ 41%]
backend-checks	Run backend regression suite	2026-09-13T02:49:49.2133608Z tests/memory/test_import_boundaries.py ....                              [ 41%]
backend-checks	Run backend regression suite	2026-09-13T02:49:49.2574693Z tests/memory/test_mem0_configuration.py ............                     [ 41%]
backend-checks	Run backend regression suite	2026-09-13T02:49:49.3055320Z tests/memory/test_memory_embedding.py ..........................         [ 41%]
backend-checks	Run backend regression suite	2026-09-13T02:49:49.3377060Z tests/memory/test_policy_and_suppression.py ............................ [ 42%]
backend-checks	Run backend regression suite	2026-09-13T02:49:49.3717746Z .........................                                                [ 42%]
backend-checks	Run backend regression suite	2026-09-13T02:49:49.3869856Z tests/memory/test_postgres_guest_isolation.py ssssssssssssssssssssssssss [ 42%]
backend-checks	Run backend regression suite	2026-09-13T02:49:49.3917088Z sssssss                                                                  [ 42%]
backend-checks	Run backend regression suite	2026-09-13T02:49:49.3982831Z tests/memory/test_postgres_reconciliation_concurrency.py sssssssssss     [ 42%]
backend-checks	Run backend regression suite	2026-09-13T02:49:49.4086134Z tests/memory/test_postgres_reconciliation_deletion.py ssssssssssssssssss [ 43%]
backend-checks	Run backend regression suite	2026-09-13T02:49:49.4155230Z sssssssssss                                                              [ 43%]
backend-checks	Run backend regression suite	2026-09-13T02:49:49.4259927Z tests/memory/test_postgres_schema_mutability.py sssssssssssssssss        [ 43%]
backend-checks	Run backend regression suite	2026-09-13T02:49:49.4298213Z tests/memory/test_postgres_semantic_index.py ssssss                      [ 43%]
backend-checks	Run backend regression suite	2026-09-13T02:49:49.4428632Z tests/memory/test_postgres_store_confirmation.py sssssssssssssssssssssss [ 43%]
backend-checks	Run backend regression suite	2026-09-13T02:49:49.4433862Z                                                                          [ 43%]
backend-checks	Run backend regression suite	2026-09-13T02:49:49.4568585Z tests/memory/test_postgres_store_controls.py sssssssssssssssssssssss     [ 44%]
backend-checks	Run backend regression suite	2026-09-13T02:49:49.4637344Z tests/memory/test_postgres_store_provider_reconciliation.py ssssssssssss [ 44%]
backend-checks	Run backend regression suite	2026-09-13T02:49:49.4724488Z ssssssssssssss                                                           [ 44%]
backend-checks	Run backend regression suite	2026-09-13T02:49:49.4773811Z tests/memory/test_postgres_store_reset_reconciliation.py ssssssss        [ 44%]
backend-checks	Run backend regression suite	2026-09-13T02:49:49.4839829Z tests/memory/test_postgres_store_settings_candidates.py sssssssssss      [ 44%]
backend-checks	Run backend regression suite	2026-09-13T02:49:49.5086298Z tests/memory/test_provider_fail_open.py ................                 [ 44%]
backend-checks	Run backend regression suite	2026-09-13T02:49:49.5220604Z tests/memory/test_retrieval.py ........                                  [ 44%]
backend-checks	Run backend regression suite	2026-09-13T02:49:49.5368635Z tests/memory/test_saved_decision_lifecycle.py ..........                 [ 44%]
backend-checks	Run backend regression suite	2026-09-13T02:49:49.5572923Z tests/memory/test_semantic_index_boundary.py ................            [ 45%]
backend-checks	Run backend regression suite	2026-09-13T02:49:49.6449323Z tests/memory/test_semantic_recall_degradation.py ......................  [ 45%]
backend-checks	Run backend regression suite	2026-09-13T02:49:49.6515426Z tests/memory/test_semantic_recall_s10.py ...                             [ 45%]
backend-checks	Run backend regression suite	2026-09-13T02:49:49.6568412Z tests/memory/test_service_wiring.py ....                                 [ 45%]
backend-checks	Run backend regression suite	2026-09-13T02:49:49.6654338Z tests/memory/test_store_projection_parity.py ssssssssssssss              [ 45%]
backend-checks	Run backend regression suite	2026-09-13T02:49:49.7192231Z tests/memory/test_telemetry_privacy.py ................................. [ 46%]
backend-checks	Run backend regression suite	2026-09-13T02:49:49.8100488Z ........................................................................ [ 46%]
backend-checks	Run backend regression suite	2026-09-13T02:49:49.8141024Z ..                                                                       [ 46%]
backend-checks	Run backend regression suite	2026-09-13T02:49:49.8530256Z tests/nlp/test_fractional_durations.py ................................. [ 47%]
backend-checks	Run backend regression suite	2026-09-13T02:49:49.8868333Z ........                                                                 [ 47%]
backend-checks	Run backend regression suite	2026-09-13T02:49:50.2424756Z tests/perf/section3/test_engine_latency.py .s                            [ 47%]
backend-checks	Run backend regression suite	2026-09-13T02:49:53.4119710Z tests/perf/test_backtest_infra_benchmark.py ....                         [ 47%]
backend-checks	Run backend regression suite	2026-09-13T02:49:53.4153762Z tests/perf/test_interpret_stage_ab.py ..                                 [ 47%]
backend-checks	Run backend regression suite	2026-09-13T02:49:53.4397911Z tests/perf/test_render_internet_benchmark.py ............                [ 47%]
backend-checks	Run backend regression suite	2026-09-13T02:49:53.4482215Z tests/perf/test_summarize_turn_latency.py ......                         [ 47%]
backend-checks	Run backend regression suite	2026-09-13T02:49:53.4922268Z tests/perf/test_turn_latency.py ..........................               [ 48%]
backend-checks	Run backend regression suite	2026-09-13T02:49:53.5260059Z tests/research/test_asset_identity.py ...........................        [ 48%]
backend-checks	Run backend regression suite	2026-09-13T02:49:53.8187473Z tests/research/test_confirmation_peer_assets.py .............            [ 48%]
backend-checks	Run backend regression suite	2026-09-13T02:49:53.9346431Z tests/research/test_discarded_spend.py ....................              [ 48%]
backend-checks	Run backend regression suite	2026-09-13T02:49:53.9566047Z tests/research/test_evidence_driver_calls.py .................           [ 48%]
backend-checks	Run backend regression suite	2026-09-13T02:49:53.9803975Z tests/research/test_execution_evidence_invariant.py .................... [ 49%]
backend-checks	Run backend regression suite	2026-09-13T02:49:54.0351602Z ........................................                                 [ 49%]
backend-checks	Run backend regression suite	2026-09-13T02:49:54.2485850Z tests/research/test_published_answers.py ............................    [ 50%]
backend-checks	Run backend regression suite	2026-09-13T02:49:54.2742534Z tests/research/test_question_date.py .........                           [ 50%]
backend-checks	Run backend regression suite	2026-09-13T02:49:54.3143172Z tests/research/test_reader_location.py ......                            [ 50%]
backend-checks	Run backend regression suite	2026-09-13T02:49:54.3199165Z tests/research/test_readout_billed_rates.py ....                         [ 50%]
backend-checks	Run backend regression suite	2026-09-13T02:49:54.6307219Z tests/research/test_registered_research_jobs.py .........                [ 50%]
backend-checks	Run backend regression suite	2026-09-13T02:49:54.7724047Z tests/research/test_registered_research_publication.py ............      [ 50%]
backend-checks	Run backend regression suite	2026-09-13T02:49:54.8604526Z tests/research/test_registered_research_tools.py ....................    [ 50%]
backend-checks	Run backend regression suite	2026-09-13T02:49:55.0335264Z tests/research/test_registry_discarded_spend.py ....                     [ 50%]
backend-checks	Run backend regression suite	2026-09-13T02:49:55.0383144Z tests/research/test_research_allowance_concurrency.py ..                 [ 50%]
backend-checks	Run backend regression suite	2026-09-13T02:49:55.1788488Z tests/research/test_research_answer.py ........................          [ 51%]
backend-checks	Run backend regression suite	2026-09-13T02:49:55.1911462Z tests/research/test_research_cache.py ..........                         [ 51%]
backend-checks	Run backend regression suite	2026-09-13T02:49:55.2107987Z tests/research/test_research_citations.py .........                      [ 51%]
backend-checks	Run backend regression suite	2026-09-13T02:49:55.3153107Z tests/research/test_research_client.py ...............................   [ 51%]
backend-checks	Run backend regression suite	2026-09-13T02:49:55.3202351Z tests/research/test_research_config.py ....                              [ 51%]
backend-checks	Run backend regression suite	2026-09-13T02:49:55.3249895Z tests/research/test_research_contract_example.py ...                     [ 51%]
backend-checks	Run backend regression suite	2026-09-13T02:49:55.5957182Z tests/research/test_research_declaration_contracts.py .................. [ 51%]
backend-checks	Run backend regression suite	2026-09-13T02:49:55.8135825Z ...............                                                          [ 52%]
backend-checks	Run backend regression suite	2026-09-13T02:49:55.8401800Z tests/research/test_research_evidence.py .................               [ 52%]
backend-checks	Run backend regression suite	2026-09-13T02:49:55.8903442Z tests/research/test_research_jobs.py ...............                     [ 52%]
backend-checks	Run backend regression suite	2026-09-13T02:49:55.9144592Z tests/research/test_research_ledger_contract.py ......                   [ 52%]
backend-checks	Run backend regression suite	2026-09-13T02:49:55.9690744Z tests/research/test_research_observability.py .......................... [ 52%]
backend-checks	Run backend regression suite	2026-09-13T02:49:55.9848471Z .......                                                                  [ 52%]
backend-checks	Run backend regression suite	2026-09-13T02:49:56.1287556Z tests/research/test_research_pricing_delivery.py ....................... [ 53%]
backend-checks	Run backend regression suite	2026-09-13T02:49:58.1829809Z ....                                                                     [ 53%]
backend-checks	Run backend regression suite	2026-09-13T02:49:58.2486071Z tests/research/test_research_router_absorption.py .................      [ 53%]
backend-checks	Run backend regression suite	2026-09-13T02:49:58.2840986Z tests/research/test_research_rows.py ..............                      [ 53%]
backend-checks	Run backend regression suite	2026-09-13T02:49:58.3840313Z tests/research/test_research_scenarios.py ................               [ 53%]
backend-checks	Run backend regression suite	2026-09-13T02:49:58.5033733Z tests/research/test_research_shapes.py ......................            [ 54%]
backend-checks	Run backend regression suite	2026-09-13T02:50:01.4353061Z tests/research/test_research_sidecar_builder.py .............            [ 54%]
backend-checks	Run backend regression suite	2026-09-13T02:50:01.4436294Z tests/research/test_research_source_selection.py ......                  [ 54%]
backend-checks	Run backend regression suite	2026-09-13T02:50:01.4723241Z tests/research/test_research_sources_and_voice.py ..........             [ 54%]
backend-checks	Run backend regression suite	2026-09-13T02:50:01.5579824Z tests/research/test_research_structured_readout.py ..................... [ 54%]
backend-checks	Run backend regression suite	2026-09-13T02:50:01.5868180Z ............                                                             [ 54%]
backend-checks	Run backend regression suite	2026-09-13T02:50:01.6365036Z tests/research/test_research_truth_boundary.py .........                 [ 54%]
backend-checks	Run backend regression suite	2026-09-13T02:50:01.6712843Z tests/research/test_retrieval_contract_probe.py .............            [ 55%]
backend-checks	Run backend regression suite	2026-09-13T02:50:01.7264620Z tests/research/test_retrieval_parameters.py ............................ [ 55%]
backend-checks	Run backend regression suite	2026-09-13T02:50:01.8365657Z .............................                                            [ 55%]
backend-checks	Run backend regression suite	2026-09-13T02:50:02.8723728Z tests/section3/test_engine_simulation.py ............................... [ 56%]
backend-checks	Run backend regression suite	2026-09-13T02:50:03.1976760Z ....................                                                     [ 56%]
backend-checks	Run backend regression suite	2026-09-13T02:50:03.2508783Z tests/section3/test_market_data_provider.py ..........................   [ 56%]
backend-checks	Run backend regression suite	2026-09-13T02:50:03.5670199Z tests/test_access_approval_email.py .................................... [ 57%]
backend-checks	Run backend regression suite	2026-09-13T02:50:03.5815994Z ...                                                                      [ 57%]
backend-checks	Run backend regression suite	2026-09-13T02:50:03.5842818Z tests/test_access_request_migration.py ..                                [ 57%]
backend-checks	Run backend regression suite	2026-09-13T02:50:03.5994265Z tests/test_access_request_postgres.py ssssssssssssssssssssss             [ 57%]
backend-checks	Run backend regression suite	2026-09-13T02:50:03.7253213Z tests/test_access_requests.py ..........................                 [ 57%]
backend-checks	Run backend regression suite	2026-09-13T02:50:03.7363283Z tests/test_access_welcome_claim_migration.py ......                      [ 57%]
backend-checks	Run backend regression suite	2026-09-13T02:50:03.7411001Z tests/test_access_welcome_delivery_migration.py ...                      [ 57%]
backend-checks	Run backend regression suite	2026-09-13T02:50:03.7443218Z tests/test_access_welcome_recovery_postgres.py sssss                     [ 57%]
backend-checks	Run backend regression suite	2026-09-13T02:50:03.7647475Z tests/test_access_welcome_recovery_routes.py ..                          [ 57%]
backend-checks	Run backend regression suite	2026-09-13T02:50:03.7691573Z tests/test_agent_jules_contracts.py ...                                  [ 57%]
backend-checks	Run backend regression suite	2026-09-13T02:50:03.7744590Z tests/test_agent_measurement_events.py ...                               [ 58%]
backend-checks	Run backend regression suite	2026-09-13T02:50:03.7799230Z tests/test_agent_runtime_checkpointer.py ....                            [ 58%]
backend-checks	Run backend regression suite	2026-09-13T02:50:04.1436505Z tests/test_allowance_accounting.py ........................              [ 58%]
backend-checks	Run backend regression suite	2026-09-13T02:50:04.1601425Z tests/test_allowance_accounting_postgres.py ssssssssssssssssssssssssssss [ 58%]
backend-checks	Run backend regression suite	2026-09-13T02:50:04.1618565Z ss                                                                       [ 58%]
backend-checks	Run backend regression suite	2026-09-13T02:50:06.7569792Z tests/test_alpha_api.py ................................................ [ 59%]
backend-checks	Run backend regression suite	2026-09-13T02:50:08.5166857Z ................................................                         [ 59%]
backend-checks	Run backend regression suite	2026-09-13T02:50:10.2470854Z tests/test_alpha_api_supabase.py ....................................... [ 60%]
backend-checks	Run backend regression suite	2026-09-13T02:50:12.4707874Z .....................................................................    [ 61%]
backend-checks	Run backend regression suite	2026-09-13T02:50:18.2120436Z tests/test_alpha_artifacts.py .....................                      [ 61%]
backend-checks	Run backend regression suite	2026-09-13T02:50:18.2649385Z tests/test_alpha_orchestration_regression.py .                           [ 61%]
backend-checks	Run backend regression suite	2026-09-13T02:50:18.2690690Z tests/test_alpha_readiness_metrics.py ...                                [ 61%]
backend-checks	Run backend regression suite	2026-09-13T02:50:30.1332128Z tests/test_api_import_boundary.py .....                                  [ 61%]
backend-checks	Run backend regression suite	2026-09-13T02:50:30.1708677Z tests/test_artifact_assumptions_transport.py .                           [ 61%]
backend-checks	Run backend regression suite	2026-09-13T02:50:30.1791845Z tests/test_artifact_naming.py .....                                      [ 61%]
backend-checks	Run backend regression suite	2026-09-13T02:50:30.2311537Z tests/test_artifact_presentation.py ......................               [ 61%]
backend-checks	Run backend regression suite	2026-09-13T02:50:30.2479591Z tests/test_artifact_result_supabase.py .                                 [ 61%]
backend-checks	Run backend regression suite	2026-09-13T02:50:30.5985026Z tests/test_asset_history_start.py ..........                             [ 61%]
backend-checks	Run backend regression suite	2026-09-13T02:50:30.6057589Z tests/test_auth_sessions.py .....                                        [ 61%]
backend-checks	Run backend regression suite	2026-09-13T02:50:30.6076567Z tests/test_avatar_theme_migration.py .                                   [ 62%]
backend-checks	Run backend regression suite	2026-09-13T02:50:30.6085651Z tests/test_avatar_theme_rls_postgres.py s                                [ 62%]
backend-checks	Run backend regression suite	2026-09-13T02:50:30.6488448Z tests/test_backtest_admission_logs.py ......                             [ 62%]
backend-checks	Run backend regression suite	2026-09-13T02:50:30.6503304Z tests/test_backtest_evidence_backfill_postgres.py ss                     [ 62%]
backend-checks	Run backend regression suite	2026-09-13T02:50:30.6668036Z tests/test_backtest_finalization.py ............                         [ 62%]
backend-checks	Run backend regression suite	2026-09-13T02:50:30.8001840Z tests/test_backtest_job_by_action.py ....................                [ 62%]
backend-checks	Run backend regression suite	2026-09-13T02:50:30.8065804Z tests/test_backtest_job_lifecycle.py .....                               [ 62%]
backend-checks	Run backend regression suite	2026-09-13T02:50:30.8110837Z tests/test_backtest_job_link_postgres.py sssssss                         [ 62%]
backend-checks	Run backend regression suite	2026-09-13T02:50:33.4176966Z tests/test_backtest_job_scopes.py ..                                     [ 62%]
backend-checks	Run backend regression suite	2026-09-13T02:50:36.3327606Z tests/test_backtest_job_write_invariant.py ...                           [ 62%]
backend-checks	Run backend regression suite	2026-09-13T02:50:36.3752398Z tests/test_backtest_jobs_async.py .....................                  [ 62%]
backend-checks	Run backend regression suite	2026-09-13T02:50:36.4035131Z tests/test_backtest_jobs_shadow.py .....................                 [ 63%]
backend-checks	Run backend regression suite	2026-09-13T02:50:36.4320276Z tests/test_backtest_message_projection.py ............                   [ 63%]
backend-checks	Run backend regression suite	2026-09-13T02:50:36.4471916Z tests/test_backtest_service_calendar.py ..                               [ 63%]
backend-checks	Run backend regression suite	2026-09-13T02:50:36.4606404Z tests/test_backtest_state_machine.py ....                                [ 63%]
backend-checks	Run backend regression suite	2026-09-13T02:50:36.4652933Z tests/test_benchmark_comparison_language.py ...                          [ 63%]
backend-checks	Run backend regression suite	2026-09-13T02:50:36.4849152Z tests/test_bounded_read_indexes.py ........                              [ 63%]
backend-checks	Run backend regression suite	2026-09-13T02:50:36.4871272Z tests/test_bounded_read_indexes_postgres.py sss                          [ 63%]
backend-checks	Run backend regression suite	2026-09-13T02:50:36.5116909Z tests/test_browser_cookie_disclosure.py .....                            [ 63%]
backend-checks	Run backend regression suite	2026-09-13T02:50:37.8424169Z tests/test_canary_capture_replay.py .......                              [ 63%]
backend-checks	Run backend regression suite	2026-09-13T02:50:37.8449391Z tests/test_canary_capture_sanitizer.py ..                                [ 63%]
backend-checks	Run backend regression suite	2026-09-13T02:50:37.8521739Z tests/test_canary_deployed_sha.py ....                                   [ 63%]
backend-checks	Run backend regression suite	2026-09-13T02:50:40.2117028Z tests/test_canary_requested_signup_denial.py .......                     [ 63%]
backend-checks	Run backend regression suite	2026-09-13T02:50:40.3077133Z tests/test_chat_action_contract.py ....                                  [ 63%]
backend-checks	Run backend regression suite	2026-09-13T02:50:40.3226679Z tests/test_chat_admission_visitor_bound.py ......                        [ 63%]
backend-checks	Run backend regression suite	2026-09-13T02:50:40.8585276Z tests/test_chat_backtest_state_machine.py .............................. [ 64%]
backend-checks	Run backend regression suite	2026-09-13T02:50:41.6522645Z ...........                                                              [ 64%]
backend-checks	Run backend regression suite	2026-09-13T02:50:41.6708799Z tests/test_chat_final_response_type.py ..                                [ 64%]
backend-checks	Run backend regression suite	2026-09-13T02:50:41.6757646Z tests/test_chat_mention_provenance.py ....                               [ 64%]
backend-checks	Run backend regression suite	2026-09-13T02:50:41.6870356Z tests/test_chat_request_admission.py .......                             [ 64%]
backend-checks	Run backend regression suite	2026-09-13T02:50:41.9752465Z tests/test_chat_runtime_cutover.py ..................                    [ 64%]
backend-checks	Run backend regression suite	2026-09-13T02:50:42.7417184Z tests/test_chat_runtime_reload_guardrails.py ........................... [ 65%]
backend-checks	Run backend regression suite	2026-09-13T02:50:44.1832386Z .................................................                        [ 65%]
backend-checks	Run backend regression suite	2026-09-13T02:50:45.0071389Z tests/test_chat_stream_contract.py ..................................... [ 66%]
backend-checks	Run backend regression suite	2026-09-13T02:50:45.0078294Z                                                                          [ 66%]
backend-checks	Run backend regression suite	2026-09-13T02:50:45.0760192Z tests/test_chat_turn_lifecycle.py ...................................... [ 66%]
backend-checks	Run backend regression suite	2026-09-13T02:50:45.1008305Z ...........                                                              [ 66%]
backend-checks	Run backend regression suite	2026-09-13T02:50:45.1351074Z tests/test_chat_turn_lifecycle_gateway.py .................              [ 66%]
backend-checks	Run backend regression suite	2026-09-13T02:50:45.1481886Z tests/test_chat_turn_lifecycle_migration.py ..........                   [ 67%]
backend-checks	Run backend regression suite	2026-09-13T02:50:45.1663609Z tests/test_chat_turn_lifecycle_postgres.py sssssssssssssssssssssssssssss [ 67%]
backend-checks	Run backend regression suite	2026-09-13T02:50:45.1721197Z sssssssss                                                                [ 67%]
backend-checks	Run backend regression suite	2026-09-13T02:50:45.8792169Z tests/test_chat_turn_route_matrix.py ................................... [ 67%]
backend-checks	Run backend regression suite	2026-09-13T02:50:46.2201519Z .................                                                        [ 68%]
backend-checks	Run backend regression suite	2026-09-13T02:50:46.2228268Z tests/test_checkpoint_rls_migration.py ..                                [ 68%]
backend-checks	Run backend regression suite	2026-09-13T02:50:46.4621059Z tests/test_ci_workflow.py ...............                                [ 68%]
backend-checks	Run backend regression suite	2026-09-13T02:50:46.4646546Z tests/test_client_capabilities.py ..                                     [ 68%]
backend-checks	Run backend regression suite	2026-09-13T02:50:46.4753157Z tests/test_computations.py ........                                      [ 68%]
backend-checks	Run backend regression suite	2026-09-13T02:50:47.1393346Z tests/test_confirmation_direct_edit.py .................                 [ 68%]
backend-checks	Run backend regression suite	2026-09-13T02:50:47.3643641Z tests/test_confirmation_run_consumption.py .........                     [ 68%]
backend-checks	Run backend regression suite	2026-09-13T02:50:47.3760364Z tests/test_context_packet_runtime_attachment.py .......                  [ 68%]
backend-checks	Run backend regression suite	2026-09-13T02:50:47.4215813Z tests/test_conversation_activity.py .................................... [ 69%]
backend-checks	Run backend regression suite	2026-09-13T02:50:47.7713687Z ..................                                                       [ 69%]
backend-checks	Run backend regression suite	2026-09-13T02:50:47.7828724Z tests/test_conversation_activity_migration.py ........                   [ 69%]
backend-checks	Run backend regression suite	2026-09-13T02:50:47.7905172Z tests/test_conversation_activity_postgres.py ssssssssssss                [ 69%]
backend-checks	Run backend regression suite	2026-09-13T02:50:47.8061647Z tests/test_conversation_previews.py ............                         [ 69%]
backend-checks	Run backend regression suite	2026-09-13T02:50:47.8375556Z tests/test_conversational_ux.py ...                                      [ 69%]
backend-checks	Run backend regression suite	2026-09-13T02:50:47.9212288Z tests/test_cost_ledger.py ..........................                     [ 70%]
backend-checks	Run backend regression suite	2026-09-13T02:50:47.9254586Z tests/test_cursor_encoding.py ..                                         [ 70%]
backend-checks	Run backend regression suite	2026-09-13T02:50:48.2330384Z tests/test_decision_attachment_api.py ...........                        [ 70%]
backend-checks	Run backend regression suite	2026-09-13T02:50:48.2412247Z tests/test_decision_attachment_gateway.py .....                          [ 70%]
backend-checks	Run backend regression suite	2026-09-13T02:50:48.2499277Z tests/test_decision_attachment_migration.py ...                          [ 70%]
backend-checks	Run backend regression suite	2026-09-13T02:50:48.3420003Z tests/test_decision_attachment_search_sql.py .....                       [ 70%]
backend-checks	Run backend regression suite	2026-09-13T02:50:48.3537936Z tests/test_decision_contract.py ..........                               [ 70%]
backend-checks	Run backend regression suite	2026-09-13T02:50:48.3595602Z tests/test_decision_message_reads.py ....                                [ 70%]
backend-checks	Run backend regression suite	2026-09-13T02:50:48.3720186Z tests/test_degraded_recovery_history.py .....                            [ 70%]
backend-checks	Run backend regression suite	2026-09-13T02:50:48.5043769Z tests/test_demonstrated_interest.py ..........                           [ 70%]
backend-checks	Run backend regression suite	2026-09-13T02:50:48.5081656Z tests/test_discovery_visitor_usage_postgres.py ssssss                    [ 70%]
backend-checks	Run backend regression suite	2026-09-13T02:50:48.5134860Z tests/test_dotenv_loading.py ..                                          [ 70%]
backend-checks	Run backend regression suite	2026-09-13T02:50:48.6076280Z tests/test_effective_window_confirmation.py ..............               [ 71%]
backend-checks	Run backend regression suite	2026-09-13T02:50:48.6373498Z tests/test_engine_signals.py .......                                     [ 71%]
backend-checks	Run backend regression suite	2026-09-13T02:51:05.9968810Z tests/test_environment_scripts.py ...................................... [ 71%]
backend-checks	Run backend regression suite	2026-09-13T02:51:07.0758672Z ..........                                                               [ 71%]
backend-checks	Run backend regression suite	2026-09-13T02:51:23.7278942Z tests/test_facade_reexport_integrity.py .........                        [ 71%]
backend-checks	Run backend regression suite	2026-09-13T02:51:23.8355738Z tests/test_feedback_notification.py ............                         [ 72%]
backend-checks	Run backend regression suite	2026-09-13T02:51:25.0754681Z tests/test_frontend_search_casefold.py ...                               [ 72%]
backend-checks	Run backend regression suite	2026-09-13T02:51:25.0992325Z tests/test_guest_access_policy.py .......                                [ 72%]
backend-checks	Run backend regression suite	2026-09-13T02:51:26.1779312Z tests/test_guest_allowance_accounting.py ........                        [ 72%]
backend-checks	Run backend regression suite	2026-09-13T02:51:26.3264241Z tests/test_guest_auth.py ...............                                 [ 72%]
backend-checks	Run backend regression suite	2026-09-13T02:51:26.3352655Z tests/test_guest_auth_local_supabase.py ssssssssssss                     [ 72%]
backend-checks	Run backend regression suite	2026-09-13T02:51:26.3398897Z tests/test_guest_cleanup.py ....                                         [ 72%]
backend-checks	Run backend regression suite	2026-09-13T02:51:26.3545623Z tests/test_guest_cleanup_postgres.py sssssssssssssssssssssssss           [ 72%]
backend-checks	Run backend regression suite	2026-09-13T02:51:26.4316693Z tests/test_guest_compute_ceiling.py .....                                [ 72%]
backend-checks	Run backend regression suite	2026-09-13T02:51:26.4969179Z tests/test_guest_conversation_policy.py ......                           [ 73%]
backend-checks	Run backend regression suite	2026-09-13T02:51:26.7071651Z tests/test_guest_conversion.py ......................                    [ 73%]
backend-checks	Run backend regression suite	2026-09-13T02:51:26.7465267Z tests/test_guest_funnel_milestone_idempotency.py ....................... [ 73%]
backend-checks	Run backend regression suite	2026-09-13T02:51:26.7608637Z .......                                                                  [ 73%]
backend-checks	Run backend regression suite	2026-09-13T02:51:26.7741733Z tests/test_guest_funnel_milestones_postgres.py sssssssssssssssssssss     [ 73%]
backend-checks	Run backend regression suite	2026-09-13T02:51:26.7879848Z tests/test_guest_handoff_postgres.py ssssssssssssssssssssss              [ 74%]
backend-checks	Run backend regression suite	2026-09-13T02:51:26.9094719Z tests/test_guest_observability.py ................................       [ 74%]
backend-checks	Run backend regression suite	2026-09-13T02:51:26.9137425Z tests/test_guest_signup_local_supabase.py sssssss                        [ 74%]
backend-checks	Run backend regression suite	2026-09-13T02:51:26.9179484Z tests/test_guest_visitor_settlement_postgres.py ssss                     [ 74%]
backend-checks	Run backend regression suite	2026-09-13T02:51:26.9235157Z tests/test_guest_workspace_postgres.py sssssssss                         [ 74%]
backend-checks	Run backend regression suite	2026-09-13T02:51:26.9897003Z tests/test_history_bounded_reads.py .....................                [ 75%]
backend-checks	Run backend regression suite	2026-09-13T02:51:27.0093600Z tests/test_history_postgres.py sssssssssssssssssssssssssssssssss         [ 75%]
backend-checks	Run backend regression suite	2026-09-13T02:51:27.6995331Z tests/test_home_country.py .................................             [ 75%]
backend-checks	Run backend regression suite	2026-09-13T02:51:27.7174004Z tests/test_i18n_coverage.py ....                                         [ 75%]
backend-checks	Run backend regression suite	2026-09-13T02:51:27.7858613Z tests/test_in_place_surface_flag.py ..                                   [ 75%]
backend-checks	Run backend regression suite	2026-09-13T02:51:29.4600932Z tests/test_interpreter_prompt_freeze.py ...                              [ 75%]
backend-checks	Run backend regression suite	2026-09-13T02:51:29.4842943Z tests/test_interpreter_prompt_surface.py .........                       [ 76%]
backend-checks	Run backend regression suite	2026-09-13T02:51:29.7534540Z tests/test_issue_440_cancelled_draft_dates.py ...                        [ 76%]
backend-checks	Run backend regression suite	2026-09-13T02:51:29.8054663Z tests/test_issue_542_durable_backtest_failures.py ....                   [ 76%]
backend-checks	Run backend regression suite	2026-09-13T02:51:36.6142592Z tests/test_legacy_orchestrator_retirement.py ......                      [ 76%]
backend-checks	Run backend regression suite	2026-09-13T02:51:37.0949792Z tests/test_legacy_surface_removal.py .....                               [ 76%]
backend-checks	Run backend regression suite	2026-09-13T02:51:37.1436419Z tests/test_local_qa_env_writer.py .                                      [ 76%]
backend-checks	Run backend regression suite	2026-09-13T02:51:37.3041547Z tests/test_local_smoke_contract.py .....                                 [ 76%]
backend-checks	Run backend regression suite	2026-09-13T02:51:37.3058859Z tests/test_localization.py .                                             [ 76%]
backend-checks	Run backend regression suite	2026-09-13T02:51:37.3717611Z tests/test_market_session_api.py ......                                  [ 76%]
backend-checks	Run backend regression suite	2026-09-13T02:51:39.2507342Z tests/test_memory_ledger_index.py .............                          [ 76%]
backend-checks	Run backend regression suite	2026-09-13T02:51:39.2578541Z tests/test_message_artifact_update_postgres.py sssssssssss               [ 76%]
backend-checks	Run backend regression suite	2026-09-13T02:51:39.2629742Z tests/test_message_previews.py ...                                       [ 76%]
backend-checks	Run backend regression suite	2026-09-13T02:51:39.2679377Z tests/test_message_store_retry_supersede.py ....                         [ 76%]
backend-checks	Run backend regression suite	2026-09-13T02:51:39.2887160Z tests/test_mobile_narrow_copy.py ................                        [ 76%]
backend-checks	Run backend regression suite	2026-09-13T02:51:39.3842829Z tests/test_model_result_readouts.py ........................             [ 77%]
backend-checks	Run backend regression suite	2026-09-13T02:51:40.1442331Z tests/test_modularity_budget.py ........                                 [ 77%]
backend-checks	Run backend regression suite	2026-09-13T02:51:40.3326177Z tests/test_natural_time.py ..........................                    [ 77%]
backend-checks	Run backend regression suite	2026-09-13T02:51:42.3682381Z tests/test_new_york_today.py ........................................... [ 78%]
backend-checks	Run backend regression suite	2026-09-13T02:51:42.3690522Z                                                                          [ 78%]
backend-checks	Run backend regression suite	2026-09-13T02:51:44.3404198Z tests/test_observability_envelope.py .............                       [ 78%]
backend-checks	Run backend regression suite	2026-09-13T02:51:44.3432801Z tests/test_observability_product_events.py ..                            [ 78%]
backend-checks	Run backend regression suite	2026-09-13T02:51:45.4589670Z tests/test_onboarding_removal.py .........                               [ 78%]
backend-checks	Run backend regression suite	2026-09-13T02:51:47.2338220Z tests/test_openapi_compatibility.py .......................              [ 78%]
backend-checks	Run backend regression suite	2026-09-13T02:51:47.3249564Z tests/test_openrouter_policy.py ........................................ [ 79%]
backend-checks	Run backend regression suite	2026-09-13T02:51:49.7932585Z ........................................................................ [ 80%]
backend-checks	Run backend regression suite	2026-09-13T02:51:49.8765461Z ............                                                             [ 80%]
backend-checks	Run backend regression suite	2026-09-13T02:51:49.9950123Z tests/test_p1_evidence_spine.py .........                                [ 80%]
backend-checks	Run backend regression suite	2026-09-13T02:51:49.9980535Z tests/test_pending_artifact_card_kind.py ..                              [ 80%]
backend-checks	Run backend regression suite	2026-09-13T02:51:50.1157650Z tests/test_pending_artifact_lifecycle.py ...................             [ 80%]
backend-checks	Run backend regression suite	2026-09-13T02:51:50.2478483Z tests/test_pending_card_checkpoint_sync.py ...                           [ 80%]
backend-checks	Run backend regression suite	2026-09-13T02:51:50.3857245Z tests/test_pending_card_conflict.py ....                                 [ 80%]
backend-checks	Run backend regression suite	2026-09-13T02:51:50.5785568Z tests/test_pending_card_nonturn_invariant.py .                           [ 80%]
backend-checks	Run backend regression suite	2026-09-13T02:51:50.5874842Z tests/test_phase6_api_structure.py ......                                [ 80%]
backend-checks	Run backend regression suite	2026-09-13T02:51:50.6024575Z tests/test_postgres_keyset_reader.py ............                        [ 80%]
backend-checks	Run backend regression suite	2026-09-13T02:51:50.6050683Z tests/test_postgres_keyset_reader_postgres.py ssss                       [ 80%]
backend-checks	Run backend regression suite	2026-09-13T02:51:51.1970351Z tests/test_preferred_name.py ...................                         [ 81%]
backend-checks	Run backend regression suite	2026-09-13T02:51:56.5957772Z tests/test_private_alpha_canary_split.py ....................            [ 81%]
backend-checks	Run backend regression suite	2026-09-13T02:51:56.6138817Z tests/test_private_alpha_readiness.py ....                               [ 81%]
backend-checks	Run backend regression suite	2026-09-13T02:52:11.2232814Z tests/test_private_alpha_release_docs.py .....F................          [ 81%]
backend-checks	Run backend regression suite	2026-09-13T02:52:11.8020594Z tests/test_private_alpha_release_profile.py ........                     [ 81%]
backend-checks	Run backend regression suite	2026-09-13T02:52:11.8272475Z tests/test_private_launch_hardening.py ....                              [ 81%]
backend-checks	Run backend regression suite	2026-09-13T02:52:12.3294749Z tests/test_profile_theme_retired.py .......                              [ 81%]
backend-checks	Run backend regression suite	2026-09-13T02:52:14.1906065Z tests/test_public_alpha_render_load.py ........                          [ 81%]
backend-checks	Run backend regression suite	2026-09-13T02:52:14.3003531Z tests/test_public_alpha_render_load_hardening.py ....................... [ 82%]
backend-checks	Run backend regression suite	2026-09-13T02:52:14.3303514Z .....                                                                    [ 82%]
backend-checks	Run backend regression suite	2026-09-13T02:52:15.6258795Z tests/test_public_excerpt_api.py ....................................... [ 82%]
backend-checks	Run backend regression suite	2026-09-13T02:52:15.7978036Z .........                                                                [ 82%]
backend-checks	Run backend regression suite	2026-09-13T02:52:16.1061186Z tests/test_public_excerpt_language.py .................................. [ 83%]
backend-checks	Run backend regression suite	2026-09-13T02:52:16.9645043Z .....................................................................    [ 84%]
backend-checks	Run backend regression suite	2026-09-13T02:52:17.0036155Z tests/test_public_excerpt_owner_notes.py ............................... [ 84%]
backend-checks	Run backend regression suite	2026-09-13T02:52:17.0160566Z ........                                                                 [ 84%]
backend-checks	Run backend regression suite	2026-09-13T02:52:17.0303633Z tests/test_public_excerpt_read_path.py .....                             [ 84%]
backend-checks	Run backend regression suite	2026-09-13T02:52:17.4028395Z tests/test_public_excerpt_receipts.py .................................. [ 85%]
backend-checks	Run backend regression suite	2026-09-13T02:52:17.9182675Z .......................................                                  [ 85%]
backend-checks	Run backend regression suite	2026-09-13T02:52:17.9292393Z tests/test_public_excerpt_selections_postgres.py ssssssssssssssssss      [ 85%]
backend-checks	Run backend regression suite	2026-09-13T02:52:17.9415593Z tests/test_public_excerpt_snapshots_postgres.py sssssssssssssssssssss    [ 85%]
backend-checks	Run backend regression suite	2026-09-13T02:52:18.2321570Z tests/test_public_excerpt_turns.py ..................................... [ 86%]
backend-checks	Run backend regression suite	2026-09-13T02:52:19.4106392Z ......................................................                   [ 87%]
backend-checks	Run backend regression suite	2026-09-13T02:52:19.4346438Z tests/test_readout_demo_regressions.py ................                  [ 87%]
backend-checks	Run backend regression suite	2026-09-13T02:52:19.4796493Z tests/test_readout_display_values.py ................................... [ 87%]
backend-checks	Run backend regression suite	2026-09-13T02:52:19.4905348Z .........                                                                [ 87%]
backend-checks	Run backend regression suite	2026-09-13T02:52:19.6090550Z tests/test_readout_headline_events.py ........                           [ 87%]
backend-checks	Run backend regression suite	2026-09-13T02:52:19.6146455Z tests/test_readout_prompt_facts.py ....                                  [ 87%]
backend-checks	Run backend regression suite	2026-09-13T02:52:29.0646184Z tests/test_readout_tier.py ...........................                   [ 88%]
backend-checks	Run backend regression suite	2026-09-13T02:52:29.0945788Z tests/test_refusal_log.py ............                                   [ 88%]
backend-checks	Run backend regression suite	2026-09-13T02:52:29.4222110Z tests/test_refusal_log_api.py .............                              [ 88%]
backend-checks	Run backend regression suite	2026-09-13T02:52:29.4321245Z tests/test_refusal_log_postgres.py ssssssssssssssss                      [ 88%]
backend-checks	Run backend regression suite	2026-09-13T02:52:29.5231642Z tests/test_registered_backtest_publication.py ...                        [ 88%]
backend-checks	Run backend regression suite	2026-09-13T02:52:29.5377334Z tests/test_registration_signal.py ..                                     [ 88%]
backend-checks	Run backend regression suite	2026-09-13T02:52:29.6028413Z tests/test_release_promotion_evidence_support.py ..                      [ 88%]
backend-checks	Run backend regression suite	2026-09-13T02:52:30.8075025Z tests/test_render_canary_script.py ..................................... [ 89%]
backend-checks	Run backend regression suite	2026-09-13T02:52:30.9430231Z ...............................                                          [ 89%]
backend-checks	Run backend regression suite	2026-09-13T02:52:35.6572891Z tests/test_render_release_profile_contract.py ........                   [ 89%]
backend-checks	Run backend regression suite	2026-09-13T02:52:35.6632800Z tests/test_render_runtime_compatibility.py ...                           [ 89%]
backend-checks	Run backend regression suite	2026-09-13T02:52:35.7344083Z tests/test_render_workflow_execution.py ................................ [ 90%]
backend-checks	Run backend regression suite	2026-09-13T02:52:35.7414915Z ...                                                                      [ 90%]
backend-checks	Run backend regression suite	2026-09-13T02:52:35.7729952Z tests/test_render_workflow_proof.py .................                    [ 90%]
backend-checks	Run backend regression suite	2026-09-13T02:52:35.9064973Z tests/test_request_boundaries.py ........................                [ 90%]
backend-checks	Run backend regression suite	2026-09-13T02:52:35.9086706Z tests/test_research_allowance_postgres.py s.                             [ 90%]
backend-checks	Run backend regression suite	2026-09-13T02:52:35.9159040Z tests/test_research_job_activity_migration.py .....                      [ 90%]
backend-checks	Run backend regression suite	2026-09-13T02:52:35.9185579Z tests/test_research_job_reconciliation.py ..                             [ 90%]
backend-checks	Run backend regression suite	2026-09-13T02:52:35.9225706Z tests/test_research_ledger_migration.py ...                              [ 90%]
backend-checks	Run backend regression suite	2026-09-13T02:52:35.9260648Z tests/test_research_ledger_postgres.py sssss                             [ 90%]
backend-checks	Run backend regression suite	2026-09-13T02:52:35.9637929Z tests/test_result_breakdown_jobs.py ........                             [ 90%]
backend-checks	Run backend regression suite	2026-09-13T02:52:36.0052708Z tests/test_result_breakdown_spend.py .............                       [ 91%]
backend-checks	Run backend regression suite	2026-09-13T02:52:36.2199541Z tests/test_result_dca_readout.py ....................................... [ 91%]
backend-checks	Run backend regression suite	2026-09-13T02:52:36.2724261Z ..................                                                       [ 91%]
backend-checks	Run backend regression suite	2026-09-13T02:52:36.3009016Z tests/test_result_figures.py .........................                   [ 91%]
backend-checks	Run backend regression suite	2026-09-13T02:52:36.3127357Z tests/test_result_link_outcome.py ......                                 [ 92%]
backend-checks	Run backend regression suite	2026-09-13T02:52:36.3466673Z tests/test_result_readout_draft_contract.py ............................ [ 92%]
backend-checks	Run backend regression suite	2026-09-13T02:52:36.3899979Z ..................                                                       [ 92%]
backend-checks	Run backend regression suite	2026-09-13T02:52:36.8620099Z tests/test_result_readout_fact_sheet.py ................................ [ 92%]
backend-checks	Run backend regression suite	2026-09-13T02:52:36.9714352Z ..........                                                               [ 93%]
backend-checks	Run backend regression suite	2026-09-13T02:52:37.0361266Z tests/test_result_readout_links.py ..................................... [ 93%]
backend-checks	Run backend regression suite	2026-09-13T02:52:37.0619869Z ...........                                                              [ 93%]
backend-checks	Run backend regression suite	2026-09-13T02:52:37.0762338Z tests/test_result_readout_shown_figures.py ..........                    [ 93%]
backend-checks	Run backend regression suite	2026-09-13T02:52:37.0881815Z tests/test_result_readout_sources.py ........                            [ 93%]
backend-checks	Run backend regression suite	2026-09-13T02:52:37.1278903Z tests/test_result_readout_transport.py ..............................    [ 94%]
backend-checks	Run backend regression suite	2026-09-13T02:52:37.1312823Z tests/test_retention_purge_contract_postgres.py sssss                    [ 94%]
backend-checks	Run backend regression suite	2026-09-13T02:52:37.1529214Z tests/test_retention_purges_are_wired.py ......                          [ 94%]
backend-checks	Run backend regression suite	2026-09-13T02:52:40.2355614Z tests/test_retest_action.py .....................................        [ 94%]
backend-checks	Run backend regression suite	2026-09-13T02:52:41.3481603Z tests/test_retest_setup.py ...............................               [ 95%]
backend-checks	Run backend regression suite	2026-09-13T02:52:41.3699288Z tests/test_route_receipt_logs.py .....                                   [ 95%]
backend-checks	Run backend regression suite	2026-09-13T02:52:41.8519502Z tests/test_run_dossiers.py ...........                                   [ 95%]
backend-checks	Run backend regression suite	2026-09-13T02:52:41.8582440Z tests/test_run_dossiers_postgres.py .....                                [ 95%]
backend-checks	Run backend regression suite	2026-09-13T02:52:41.8940977Z tests/test_runtime_confirmation_card.py ........................         [ 95%]
backend-checks	Run backend regression suite	2026-09-13T02:52:41.9089224Z tests/test_scheduled_maintenance.py ...........                          [ 95%]
backend-checks	Run backend regression suite	2026-09-13T02:52:43.3996449Z tests/test_search_bounded_reads.py ..................................... [ 96%]
backend-checks	Run backend regression suite	2026-09-13T02:52:44.3755557Z ...........                                                              [ 96%]
backend-checks	Run backend regression suite	2026-09-13T02:52:44.3781611Z tests/test_search_decision_attachment_postgres.py ssss                   [ 96%]
backend-checks	Run backend regression suite	2026-09-13T02:52:44.5017846Z tests/test_search_memory_bounded.py ..................                   [ 96%]
backend-checks	Run backend regression suite	2026-09-13T02:52:44.5213103Z tests/test_search_postgres.py ssssssssssssssssssssssssssssssss           [ 97%]
backend-checks	Run backend regression suite	2026-09-13T02:52:44.5261158Z tests/test_slot_normalizer.py ....                                       [ 97%]
backend-checks	Run backend regression suite	2026-09-13T02:52:44.6996091Z tests/test_spine_guardrails.py ...........................               [ 97%]
backend-checks	Run backend regression suite	2026-09-13T02:52:44.7020964Z tests/test_stale_backtest_jobs.py ..                                     [ 97%]
backend-checks	Run backend regression suite	2026-09-13T02:52:44.7220586Z tests/test_strategy_capabilities.py ..................                   [ 97%]
backend-checks	Run backend regression suite	2026-09-13T02:52:44.7234820Z tests/test_strategy_registry_i18n.py .                                   [ 97%]
backend-checks	Run backend regression suite	2026-09-13T02:52:44.7279403Z tests/test_supabase_backtest_finalization.py ...                         [ 97%]
backend-checks	Run backend regression suite	2026-09-13T02:52:44.7990673Z tests/test_supabase_gateway.py ......................................... [ 98%]
backend-checks	Run backend regression suite	2026-09-13T02:52:44.8369787Z .................                                                        [ 98%]
backend-checks	Run backend regression suite	2026-09-13T02:52:44.8734151Z tests/test_supabase_gateway_pagination.py .....................ss        [ 98%]
backend-checks	Run backend regression suite	2026-09-13T02:52:44.8759595Z tests/test_tool_checkpoint_serialization.py .                            [ 98%]
backend-checks	Run backend regression suite	2026-09-13T02:52:44.8822741Z tests/test_tool_job_binding.py .....                                     [ 98%]
backend-checks	Run backend regression suite	2026-09-13T02:52:44.9464251Z tests/test_tool_result_publication.py ......                             [ 98%]
backend-checks	Run backend regression suite	2026-09-13T02:52:45.2294347Z tests/test_tool_result_recompute.py ..........                           [ 98%]
backend-checks	Run backend regression suite	2026-09-13T02:52:45.4374117Z tests/test_usage_allowance_classes.py ...................                [ 99%]
backend-checks	Run backend regression suite	2026-09-13T02:52:45.5378417Z tests/test_versioning_boundary.py ..                                     [ 99%]
backend-checks	Run backend regression suite	2026-09-13T02:52:45.6520959Z tests/test_visible_reply.py ............................................ [ 99%]
backend-checks	Run backend regression suite	2026-09-13T02:52:45.6837800Z ..                                                                       [ 99%]
backend-checks	Run backend regression suite	2026-09-13T02:52:45.6889101Z tests/test_workflow_proof_jobs_migration.py ....                         [ 99%]
backend-checks	Run backend regression suite	2026-09-13T02:52:45.6910143Z tests/test_workflow_proof_jobs_postgres.py sss                           [ 99%]
backend-checks	Run backend regression suite	2026-09-13T02:52:45.7047085Z tests/test_workflow_withheld_cleanup.py ...                              [ 99%]
backend-checks	Run backend regression suite	2026-09-13T02:52:49.2114297Z tests/test_worktree_environment_setup.py ..............                  [100%]
backend-checks	Run backend regression suite	2026-09-13T02:52:49.2115004Z
backend-checks	Run backend regression suite	2026-09-13T02:52:49.2115266Z =================================== FAILURES ===================================
backend-checks	Run backend regression suite	2026-09-13T02:52:49.2116149Z ______ test_main_promotion_manifests_require_live_eval_scorecard_evidence ______
backend-checks	Run backend regression suite	2026-09-13T02:52:49.2119350Z
backend-checks	Run backend regression suite	2026-09-13T02:52:49.2119992Z     def test_main_promotion_manifests_require_live_eval_scorecard_evidence() -> None:
backend-checks	Run backend regression suite	2026-09-13T02:52:49.2120797Z         manifest_dir = ROOT / "docs" / "release-manifests"
backend-checks	Run backend regression suite	2026-09-13T02:52:49.2121313Z         manifests = []
backend-checks	Run backend regression suite	2026-09-13T02:52:49.2121788Z         for manifest_path in sorted(manifest_dir.glob("*.md")):
backend-checks	Run backend regression suite	2026-09-13T02:52:49.2122719Z             if manifest_path.name == "TEMPLATE.md":
backend-checks	Run backend regression suite	2026-09-13T02:52:49.2123191Z                 continue
backend-checks	Run backend regression suite	2026-09-13T02:52:49.2123639Z             manifest = manifest_path.read_text(encoding="utf-8")
backend-checks	Run backend regression suite	2026-09-13T02:52:49.2124139Z             if (
backend-checks	Run backend regression suite	2026-09-13T02:52:49.2124424Z                 "main-production-promotion" in manifest_path.name
backend-checks	Run backend regression suite	2026-09-13T02:52:49.2124854Z                 or re.search(r"^- Promotion target: `?main`?$", manifest, re.M)
backend-checks	Run backend regression suite	2026-09-13T02:52:49.2125336Z             ):
backend-checks	Run backend regression suite	2026-09-13T02:52:49.2125702Z                 manifests.append(manifest_path)
backend-checks	Run backend regression suite	2026-09-13T02:52:49.2126246Z         missing_evidence: set[str] = set()
backend-checks	Run backend regression suite	2026-09-13T02:52:49.2126634Z         for manifest_path in manifests:
backend-checks	Run backend regression suite	2026-09-13T02:52:49.2126895Z             try:
backend-checks	Run backend regression suite	2026-09-13T02:52:49.2127219Z                 _assert_main_promotion_live_eval_evidence(manifest_path)
backend-checks	Run backend regression suite	2026-09-13T02:52:49.2127584Z             except AssertionError as exc:
backend-checks	Run backend regression suite	2026-09-13T02:52:49.2127918Z                 if "missing durable live eval scorecard" not in str(exc):
backend-checks	Run backend regression suite	2026-09-13T02:52:49.2128280Z                     raise
backend-checks	Run backend regression suite	2026-09-13T02:52:49.2128550Z                 missing_evidence.add(manifest_path.name)
backend-checks	Run backend regression suite	2026-09-13T02:52:49.2128839Z
backend-checks	Run backend regression suite	2026-09-13T02:52:49.2129159Z >       assert missing_evidence == KNOWN_MAIN_PROMOTION_MANIFESTS_WITHOUT_LIVE_EVAL
backend-checks	Run backend regression suite	2026-09-13T02:52:49.2129716Z E       AssertionError: assert {'2026-06-18-...tion.md', ...} == frozenset({'2...ion.md', ...})
backend-checks	Run backend regression suite	2026-09-13T02:52:49.2130129Z E
backend-checks	Run backend regression suite	2026-09-13T02:52:49.2130343Z E         Extra items in the left set:
backend-checks	Run backend regression suite	2026-09-13T02:52:49.2130646Z E         '2026-09-12-main-production-promotion.md'
backend-checks	Run backend regression suite	2026-09-13T02:52:49.2130931Z E
backend-checks	Run backend regression suite	2026-09-13T02:52:49.2131123Z E         Full diff:
backend-checks	Run backend regression suite	2026-09-13T02:52:49.2131345Z E         - frozenset({
backend-checks	Run backend regression suite	2026-09-13T02:52:49.2131564Z E         + {
backend-checks	Run backend regression suite	2026-09-13T02:52:49.2131834Z E               '2026-06-18-private-alpha-next-ci-cd-sota.md',
backend-checks	Run backend regression suite	2026-09-13T02:52:49.2132459Z E               '2026-06-27-private-alpha-p2-checkpoint.md',
backend-checks	Run backend regression suite	2026-09-13T02:52:49.2133170Z E               '2026-07-10-private-alpha-next-interpret-surface.md',
backend-checks	Run backend regression suite	2026-09-13T02:52:49.2133714Z E               '2026-07-14-main-production-promotion.md',
backend-checks	Run backend regression suite	2026-09-13T02:52:49.2134053Z E               '2026-08-05-main-production-promotion.md',
backend-checks	Run backend regression suite	2026-09-13T02:52:49.2134369Z E               '2026-08-11-main-production-promotion.md',
backend-checks	Run backend regression suite	2026-09-13T02:52:49.2134717Z E               '2026-08-12-main-production-promotion-716221f.md',
backend-checks	Run backend regression suite	2026-09-13T02:52:49.2135075Z E               '2026-08-12-main-production-promotion.md',
backend-checks	Run backend regression suite	2026-09-13T02:52:49.2135369Z E         - })
backend-checks	Run backend regression suite	2026-09-13T02:52:49.2135613Z E         +     '2026-09-12-main-production-promotion.md',
backend-checks	Run backend regression suite	2026-09-13T02:52:49.2135892Z E         + }
backend-checks	Run backend regression suite	2026-09-13T02:52:49.2136012Z
backend-checks	Run backend regression suite	2026-09-13T02:52:49.2136180Z tests/test_private_alpha_release_docs.py:805: AssertionError
backend-checks	Run backend regression suite	2026-09-13T02:52:49.2136581Z =============================== warnings summary ===============================
backend-checks	Run backend regression suite	2026-09-13T02:52:49.2137387Z tests/research/test_registered_research_publication.py::test_optional_rows_still_fail_the_callable_contract_when_invalid[invalid_row_update0]
backend-checks	Run backend regression suite	2026-09-13T02:52:49.2138431Z   /home/runner/.cache/pypoetry/virtualenvs/argus-NhiEbwlN-py3.10/lib/python3.10/site-packages/pydantic/main.py:464: UserWarning: Pydantic serializer warnings:
backend-checks	Run backend regression suite	2026-09-13T02:52:49.2139498Z     PydanticSerializationUnexpectedValue(Expected `float` - serialized value may not be as expected [field_name='value', input_value='unknown', input_type=str])
backend-checks	Run backend regression suite	2026-09-13T02:52:49.2140189Z     return self.__pydantic_serializer__.to_python(
backend-checks	Run backend regression suite	2026-09-13T02:52:49.2140405Z
backend-checks	Run backend regression suite	2026-09-13T02:52:49.2140626Z tests/test_alpha_api_supabase.py::test_unauthorized_revoked_supabase_session
backend-checks	Run backend regression suite	2026-09-13T02:52:49.2142220Z   /home/runner/.cache/pypoetry/virtualenvs/argus-NhiEbwlN-py3.10/lib/python3.10/site-packages/starlette/testclient.py:445: DeprecationWarning: Setting per-request cookies=<...> is being deprecated, because the expected behaviour on cookie persistence is ambiguous. Set cookies directly on the client instance instead.
backend-checks	Run backend regression suite	2026-09-13T02:52:49.2143441Z     return super().request(
backend-checks	Run backend regression suite	2026-09-13T02:52:49.2143602Z
backend-checks	Run backend regression suite	2026-09-13T02:52:49.2143844Z tests/test_auth_sessions.py::test_auth_session_verifier_accepts_matching_active_session
backend-checks	Run backend regression suite	2026-09-13T02:52:49.2144395Z tests/test_auth_sessions.py::test_auth_session_verifier_rejects_revoked_session
backend-checks	Run backend regression suite	2026-09-13T02:52:49.2144950Z tests/test_auth_sessions.py::test_auth_session_verifier_rejects_missing_or_mismatched_claims
backend-checks	Run backend regression suite	2026-09-13T02:52:49.2145526Z tests/test_auth_sessions.py::test_auth_session_timeout_maps_to_verification_unavailable
backend-checks	Run backend regression suite	2026-09-13T02:52:49.2146653Z   /home/runner/.cache/pypoetry/virtualenvs/argus-NhiEbwlN-py3.10/lib/python3.10/site-packages/jwt/api_jwt.py:147: InsecureKeyLengthWarning: The HMAC key is 11 bytes long, which is below the minimum recommended length of 32 bytes for SHA256. See RFC 7518 Section 3.2.
backend-checks	Run backend regression suite	2026-09-13T02:52:49.2147626Z     return self._jws.encode(
backend-checks	Run backend regression suite	2026-09-13T02:52:49.2147783Z
backend-checks	Run backend regression suite	2026-09-13T02:52:49.2148007Z -- Docs: https://docs.pytest.org/en/stable/how-to/capture-warnings.html
backend-checks	Run backend regression suite	2026-09-13T02:52:49.2148458Z =========================== short test summary info ============================
backend-checks	Run backend regression suite	2026-09-13T02:52:49.2149324Z FAILED tests/test_private_alpha_release_docs.py::test_main_promotion_manifests_require_live_eval_scorecard_evidence - AssertionError: assert {'2026-06-18-...tion.md', ...} == frozenset({'2...ion.md', ...})
backend-checks	Run backend regression suite	2026-09-13T02:52:49.2150088Z
backend-checks	Run backend regression suite	2026-09-13T02:52:49.2150289Z   Extra items in the left set:
backend-checks	Run backend regression suite	2026-09-13T02:52:49.2150570Z   '2026-09-12-main-production-promotion.md'
backend-checks	Run backend regression suite	2026-09-13T02:52:49.2150993Z
backend-checks	Run backend regression suite	2026-09-13T02:52:49.2151216Z   Full diff:
backend-checks	Run backend regression suite	2026-09-13T02:52:49.2151423Z   - frozenset({
backend-checks	Run backend regression suite	2026-09-13T02:52:49.2151629Z   + {
backend-checks	Run backend regression suite	2026-09-13T02:52:49.2151871Z         '2026-06-18-private-alpha-next-ci-cd-sota.md',
backend-checks	Run backend regression suite	2026-09-13T02:52:49.2152397Z         '2026-06-27-private-alpha-p2-checkpoint.md',
backend-checks	Run backend regression suite	2026-09-13T02:52:49.2152766Z         '2026-07-10-private-alpha-next-interpret-surface.md',
backend-checks	Run backend regression suite	2026-09-13T02:52:49.2153136Z         '2026-07-14-main-production-promotion.md',
backend-checks	Run backend regression suite	2026-09-13T02:52:49.2153644Z         '2026-08-05-main-production-promotion.md',
backend-checks	Run backend regression suite	2026-09-13T02:52:49.2154078Z         '2026-08-11-main-production-promotion.md',
backend-checks	Run backend regression suite	2026-09-13T02:52:49.2154410Z         '2026-08-12-main-production-promotion-716221f.md',
backend-checks	Run backend regression suite	2026-09-13T02:52:49.2154747Z         '2026-08-12-main-production-promotion.md',
backend-checks	Run backend regression suite	2026-09-13T02:52:49.2155014Z   - })
backend-checks	Run backend regression suite	2026-09-13T02:52:49.2155236Z   +     '2026-09-12-main-production-promotion.md',
backend-checks	Run backend regression suite	2026-09-13T02:52:49.2155504Z   + }
backend-checks	Run backend regression suite	2026-09-13T02:52:49.2157826Z ===== 1 failed, 7861 passed, 585 skipped, 6 warnings in 309.53s (0:05:09) ======
backend-checks	Run backend regression suite	2026-09-13T02:52:52.2175912Z ##[error]Process completed with exit code 1.
