warning: /Users/garces/Library/org.swift.swiftpm/configuration is not accessible or not writable, disabling user-level cache features.
warning: /Users/garces/Library/org.swift.swiftpm/security is not accessible or not writable, disabling user-level cache features.
Building for debugging...
[Computing dependencies]
[Pre-planning 1 / 393]
[Planning deferred tasks]
[12 / 56] ConcurrencyExtras
[29 / 98] Crypto
[35 / 117] IssueReporting
[50 / 118] IssueReporting
[63 / 118] Crypto
[68 / 118] Crypto
[88 / 126] HTTPTypes
[95 / 131] Crypto
[110 / 142] XCTestDynamicOverlay
[114 / 146] Clocks
[123 / 153] Clocks
[142 / 172] XCTestDynamicOverlay
[144 / 172] Helpers
[152 / 178] Auth
[171 / 197] Auth
[175 / 199] ArgusSession
[193 / 218] ArgusSession
[194 / 218] ArgusSession
[199 / 215] ArgusSession
[200 / 215] Auth
[205 / 214] ArgusSessionTests-product
[224 / 233] ArgusSessionTests-product
error: SwiftCompile normal arm64 failed with a nonzero exit code. Command line:     cd /private/tmp/cuadrao-native-apple-name-20261005/ios/Packages

/private/tmp/cuadrao-native-apple-name-20261005/ios/Packages/ArgusSession/Tests/ArgusSessionTests/AppleNameInitializationTests.swift:8:17: error: overriding property must be as accessible as its enclosing type
  6 | final class AppleNameInitializationTests: XCTestCase, @unchecked Sendable {
  7 |     private let subject = "canonical-apple-subject"
  8 |     private let name = "María del Carmen 王"
    |                 `- error: overriding property must be as accessible as its enclosing type
  9 |
 10 |     private func prepare(_ client: SessionController, name: String? = nil, subject: String? = nil) throws -> AppleNameAuthorization {

/Applications/Xcode.app/Contents/Developer/Platforms/MacOSX.platform/Developer/Library/Frameworks/XCTest.framework/Headers/XCTActivity.h:21:38: note: overridden declaration is here
19 |  * Human-readable name of the activity, given at creation time.
20 |  */
21 | @property (readonly, copy) NSString *name;
   |                                      `- note: overridden declaration is here
22 |
23 | /*!

/private/tmp/cuadrao-native-apple-name-20261005/ios/Packages/ArgusSession/Tests/ArgusSessionTests/AppleNameInitializationTests.swift:8:17: error: cannot override with a stored property 'name'
  6 | final class AppleNameInitializationTests: XCTestCase, @unchecked Sendable {
  7 |     private let subject = "canonical-apple-subject"
  8 |     private let name = "María del Carmen 王"
    |                 `- error: cannot override with a stored property 'name'
  9 |
 10 |     private func prepare(_ client: SessionController, name: String? = nil, subject: String? = nil) throws -> AppleNameAuthorization {

/Applications/Xcode.app/Contents/Developer/Platforms/MacOSX.platform/Developer/Library/Frameworks/XCTest.framework/Headers/XCTActivity.h:21:38: note: attempt to override property here
19 |  * Human-readable name of the activity, given at creation time.
20 |  */
21 | @property (readonly, copy) NSString *name;
   |                                      `- note: attempt to override property here
22 |
23 | /*!
Failed frontend command:
/Applications/Xcode.app/Contents/Developer/Toolchains/XcodeDefault.xctoolchain/usr/bin/swift-frontend -frontend -emit-module -experimental-skip-non-inlinable-function-bodies-without-types /private/tmp/cuadrao-apple-session-swift/out/Intermediates.noindex/ArgusSession.build/Debug/ArgusSessionTests-p.build/DerivedSources/test_entry_point.swift /private/tmp/cuadrao-native-apple-name-20261005/ios/Packages/ArgusSession/Tests/ArgusSessionTests/AppleCredentialValidationTests.swift /private/tmp/cuadrao-native-apple-name-20261005/ios/Packages/ArgusSession/Tests/ArgusSessionTests/AppleNameInitializationTests.swift /private/tmp/cuadrao-native-apple-name-20261005/ios/Packages/ArgusSession/Tests/ArgusSessionTests/ConfigurationTests.swift /private/tmp/cuadrao-native-apple-name-20261005/ios/Packages/ArgusSession/Tests/ArgusSessionTests/FinancialAccountTests.swift /private/tmp/cuadrao-native-apple-name-20261005/ios/Packages/ArgusSession/Tests/ArgusSessionTests/FinancialAssetTests.swift /private/tmp/cuadrao-native-apple-name-20261005/ios/Packages/ArgusSession/Tests/ArgusSessionTests/FinancialBudgetTests.swift /private/tmp/cuadrao-native-apple-name-20261005/ios/Packages/ArgusSession/Tests/ArgusSessionTests/FinancialDebtTests.swift /private/tmp/cuadrao-native-apple-name-20261005/ios/Packages/ArgusSession/Tests/ArgusSessionTests/FinancialExpectationSeedTests.swift /private/tmp/cuadrao-native-apple-name-20261005/ios/Packages/ArgusSession/Tests/ArgusSessionTests/FinancialGoalTests.swift /private/tmp/cuadrao-native-apple-name-20261005/ios/Packages/ArgusSession/Tests/ArgusSessionTests/FinancialLoopTests.swift /private/tmp/cuadrao-native-apple-name-20261005/ios/Packages/ArgusSession/Tests/ArgusSessionTests/FinancialPlanTests.swift /private/tmp/cuadrao-native-apple-name-20261005/ios/Packages/ArgusSession/Tests/ArgusSessionTests/FinancialSearchTests.swift /private/tmp/cuadrao-native-apple-name-20261005/ios/Packages/ArgusSession/Tests/ArgusSessionTests/FinancialWriteJournalTests.swift /private/tmp/cuadrao-native-apple-name-20261005/ios/Packages/ArgusSession/Tests/ArgusSessionTests/HouseholdPlanTests.swift /private/tmp/cuadrao-native-apple-name-20261005/ios/Packages/ArgusSession/Tests/ArgusSessionTests/IdentitySignInTests.swift /private/tmp/cuadrao-native-apple-name-20261005/ios/Packages/ArgusSession/Tests/ArgusSessionTests/InvitationsTests.swift /private/tmp/cuadrao-native-apple-name-20261005/ios/Packages/ArgusSession/Tests/ArgusSessionTests/LiveFinancialAccountTests.swift /private/tmp/cuadrao-native-apple-name-20261005/ios/Packages/ArgusSession/Tests/ArgusSessionTests/LiveSessionTests.swift /private/tmp/cuadrao-native-apple-name-20261005/ios/Packages/ArgusSession/Tests/ArgusSessionTests/SessionControllerTests.swift /private/tmp/cuadrao-native-apple-name-20261005/ios/Packages/ArgusSession/Tests/ArgusSessionTests/TestSupport.swift /private/tmp/cuadrao-native-apple-name-20261005/ios/Packages/ArgusSession/Tests/ArgusSessionTests/TransportAndStorageTests.swift -target arm64-apple-macos14.0 -module-can-import-version Testing 2084 0 -module-can-import-version XCTest 25228 0 -disable-cross-import-overlay-search -swift-module-cross-import Testing /Applications/Xcode.app/Contents/Developer/Platforms/MacOSX.platform/Developer/Library/Frameworks/Testing.framework/Modules/Testing.swiftcrossimport/AppKit.swiftoverlay -swift-module-cross-import Testing /Applications/Xcode.app/Contents/Developer/Platforms/MacOSX.platform/Developer/Library/Frameworks/Testing.framework/Modules/Testing.swiftcrossimport/CoreGraphics.swiftoverlay -swift-module-cross-import Testing /Applications/Xcode.app/Contents/Developer/Platforms/MacOSX.platform/Developer/Library/Frameworks/Testing.framework/Modules/Testing.swiftcrossimport/CoreImage.swiftoverlay -swift-module-cross-import Testing /Applications/Xcode.app/Contents/Developer/Platforms/MacOSX.platform/Developer/Library/Frameworks/Testing.framework/Modules/Testing.swiftcrossimport/CoreTransferable.swiftoverlay -swift-module-cross-import Testing /Applications/Xcode.app/Contents/Developer/Platforms/MacOSX.platform/Developer/Library/Frameworks/Testing.framework/Modules/Testing.swiftcrossimport/Foundation.swiftoverlay -load-resolved-plugin /Applications/Xcode.app/Contents/Developer/Platforms/MacOSX.platform/Developer/usr/lib/swift/host/plugins/libFoundationMacros.dylib\#/Applications/Xcode.app/Contents/Developer/Platforms/MacOSX.platform/Developer/usr/bin/swift-plugin-server\#FoundationMacros -load-resolved-plugin /Applications/Xcode.app/Contents/Developer/Platforms/MacOSX.platform/Developer/usr/lib/swift/host/plugins/libObservationMacros.dylib\#/Applications/Xcode.app/Contents/Developer/Platforms/MacOSX.platform/Developer/usr/bin/swift-plugin-server\#ObservationMacros -load-resolved-plugin /Applications/Xcode.app/Contents/Developer/Platforms/MacOSX.platform/Developer/usr/lib/swift/host/plugins/libPreviewsMacros.dylib\#/Applications/Xcode.app/Contents/Developer/Platforms/MacOSX.platform/Developer/usr/bin/swift-plugin-server\#PreviewsMacros -load-resolved-plugin /Applications/Xcode.app/Contents/Developer/Platforms/MacOSX.platform/Developer/usr/lib/swift/host/plugins/libSwiftMacros.dylib\#/Applications/Xcode.app/Contents/Developer/Platforms/MacOSX.platform/Developer/usr/bin/swift-plugin-server\#SwiftMacros -load-resolved-plugin /Applications/Xcode.app/Contents/Developer/Platforms/MacOSX.platform/Developer/usr/lib/swift/host/plugins/libSwiftUIMacros.dylib\#/Applications/Xcode.app/Contents/Developer/Platforms/MacOSX.platform/Developer/usr/bin/swift-plugin-server\#SwiftUIMacros -load-resolved-plugin /Applications/Xcode.app/Contents/Developer/Toolchains/XcodeDefault.xctoolchain/usr/lib/swift/host/plugins/testing/libTestingMacros.dylib\#\#TestingMacros -disable-implicit-swift-modules -Xcc -fno-implicit-modules -Xcc -fno-implicit-module-maps -explicit-swift-module-map-file /private/tmp/cuadrao-apple-session-swift/out/Intermediates.noindex/ArgusSession.build/Debug/ArgusSessionTests-p.build/Objects-normal/arm64/ArgusSessionTests-dependencies-1.json -Xllvm -aarch64-use-tbi -enable-objc-interop -stack-check -sdk /Applications/Xcode.app/Contents/Developer/Platforms/MacOSX.platform/Developer/SDKs/MacOSX27.0.sdk -I /private/tmp/cuadrao-apple-session-swift/out/Products/Debug -Isystem /Applications/Xcode.app/Contents/Developer/Platforms/MacOSX.platform/Developer/usr/lib -F /private/tmp/cuadrao-apple-session-swift/out/Products/Debug/PackageFrameworks -F /private/tmp/cuadrao-apple-session-swift/out/Products/Debug -F /Applications/Xcode.app/Contents/Developer/Platforms/MacOSX.platform/Developer/Library/Frameworks -module-cache-path /private/tmp/cuadrao-apple-session-swift/out/Intermediates.noindex/SwiftExplicitPrecompiledModules -no-color-diagnostics -Xcc -fno-color-diagnostics -enable-testing -g -debug-info-format\=dwarf -dwarf-version\=4 -swift-version 6 -Onone -D SWIFT_PACKAGE -D DEBUG -D Xcode -serialize-debugging-options -enable-experimental-feature DebugDescriptionMacro -empty-abi-descriptor -validate-clang-modules-once -clang-build-session-file /private/tmp/cuadrao-apple-session-swift/out/ModuleCache.noindex/Session.modulevalidation -disable-sandbox -Xcc -working-directory -Xcc /private/tmp/cuadrao-native-apple-name-20261005/ios/Packages -enable-anonymous-context-mangled-names -file-compilation-dir /private/tmp/cuadrao-native-apple-name-20261005/ios/Packages -Xcc -D_LIBCPP_HARDENING_MODE\=_LIBCPP_HARDENING_MODE_DEBUG -Xcc -ivfsstatcache -Xcc /private/tmp/cuadrao-apple-session-swift/out/SDKStatCaches.noindex/macosx27.0-26A425-a0facfad118c1a7a18f0aad9463f65497231f6df4def33e022ae2eb8f782df1a.sdkstatcache -Xcc -fmodules-prune-interval\=86400 -Xcc -fmodules-prune-after\=345600 -Xcc -I/private/tmp/cuadrao-apple-session-swift/out/Products/Debug/include -Xcc -I/private/tmp/cuadrao-apple-session-swift/out/Intermediates.noindex/ArgusSession.build/Debug/ArgusSessionTests-p.build/DerivedSources-normal/arm64 -Xcc -I/private/tmp/cuadrao-apple-session-swift/out/Intermediates.noindex/ArgusSession.build/Debug/ArgusSessionTests-p.build/DerivedSources/arm64 -Xcc -I/private/tmp/cuadrao-apple-session-swift/out/Intermediates.noindex/ArgusSession.build/Debug/ArgusSessionTests-p.build/DerivedSources -Xcc -DSWIFT_PACKAGE -Xcc -DDEBUG\=1 -no-auto-bridging-header-chaining -module-name ArgusSessionTests -package-name argussession -const-gather-protocols-file /private/tmp/cuadrao-apple-session-swift/out/Intermediates.noindex/ArgusSession.build/Debug/ArgusSessionTests-p.build/Objects-normal/arm64/ArgusSessionTests_const_extract_protocols.json -disable-clang-spi -clang-target arm64-apple-macos27.0 -target-sdk-version 27.0 -target-sdk-name macosx27.0 -in-process-plugin-server-path /Applications/Xcode.app/Contents/Developer/Toolchains/XcodeDefault.xctoolchain/usr/lib/swift/host/libSwiftInProcPluginServer.dylib -emit-module-doc-path /private/tmp/cuadrao-apple-session-swift/out/Intermediates.noindex/ArgusSession.build/Debug/ArgusSessionTests-p.build/Objects-normal/arm64/ArgusSessionTests.swiftdoc -emit-module-source-info-path /private/tmp/cuadrao-apple-session-swift/out/Intermediates.noindex/ArgusSession.build/Debug/ArgusSessionTests-p.build/Objects-normal/arm64/ArgusSessionTests.swiftsourceinfo -serialize-diagnostics-path /private/tmp/cuadrao-apple-session-swift/out/Intermediates.noindex/ArgusSession.build/Debug/ArgusSessionTests-p.build/Objects-normal/arm64/ArgusSessionTests-primary-emit-module.dia -emit-dependencies-path /private/tmp/cuadrao-apple-session-swift/out/Intermediates.noindex/ArgusSession.build/Debug/ArgusSessionTests-p.build/Objects-normal/arm64/ArgusSessionTests-primary-emit-module.d -parse-as-library -o /private/tmp/cuadrao-apple-session-swift/out/Intermediates.noindex/ArgusSession.build/Debug/ArgusSessionTests-p.build/Objects-normal/arm64/ArgusSessionTests.swiftmodule -emit-abi-descriptor-path /private/tmp/cuadrao-apple-session-swift/out/Intermediates.noindex/ArgusSession.build/Debug/ArgusSessionTests-p.build/Objects-normal/arm64/ArgusSessionTests.abi.json
error: Build failed
error: fatalError
