warning: /Users/garces/Library/org.swift.swiftpm/configuration is not accessible or not writable, disabling user-level cache features.
warning: /Users/garces/Library/org.swift.swiftpm/security is not accessible or not writable, disabling user-level cache features.
Building for debugging...
[Using on-disk description]
[11 / 55] HTTPTypes
[30 / 116] Crypto
[47 / 117] IssueReporting
[57 / 117] Crypto
[67 / 117] Crypto
[83 / 127] Crypto
[91 / 129] Crypto
[109 / 141] XCTestDynamicOverlay
[116 / 148] XCTestDynamicOverlay
[122 / 152] XCTestDynamicOverlay
[143 / 171] Helpers
[144 / 171] Helpers
[151 / 177] Auth
[170 / 196] Auth
[174 / 198] ArgusSession
[192 / 217] ArgusSession
[193 / 217] ArgusSession
[197 / 213] ArgusSession
[198 / 213] Auth
[201 / 213] ArgusSession
[203 / 212] ArgusSessionTests-product
[222 / 231] ArgusSessionTests-product
[226 / 230] ArgusSessionTests-product
[228 / 230] ArgusSessionTests-product
Build complete! (7.00 sec)
Test Suite 'Selected tests' started at 2026-10-05 21:15:20.686.
Test Suite 'ArgusSessionTests.xctest' started at 2026-10-05 21:15:20.687.
Test Suite 'IndependentAppleNameBoundaryTests' started at 2026-10-05 21:15:20.687.
Test Case '-[ArgusSessionTests.IndependentAppleNameBoundaryTests testAccountSwitchRefusesStaleNameRetryAndDoesNotSeedNewOwner]' started.
Test Case '-[ArgusSessionTests.IndependentAppleNameBoundaryTests testAccountSwitchRefusesStaleNameRetryAndDoesNotSeedNewOwner]' passed (0.015 seconds).
Test Case '-[ArgusSessionTests.IndependentAppleNameBoundaryTests testCaptureOutageStillSavesCanonicalNameAndNeverReplaysCode]' started.
Test Case '-[ArgusSessionTests.IndependentAppleNameBoundaryTests testCaptureOutageStillSavesCanonicalNameAndNeverReplaysCode]' passed (0.002 seconds).
Test Case '-[ArgusSessionTests.IndependentAppleNameBoundaryTests testSubsequentGrantWithoutFullNameDoesNotReseedCanonicalName]' started.
Test Case '-[ArgusSessionTests.IndependentAppleNameBoundaryTests testSubsequentGrantWithoutFullNameDoesNotReseedCanonicalName]' passed (0.004 seconds).
Test Suite 'IndependentAppleNameBoundaryTests' passed at 2026-10-05 21:15:20.709.
	 Executed 3 tests, with 0 failures (0 unexpected) in 0.021 (0.021) seconds
Test Suite 'ArgusSessionTests.xctest' passed at 2026-10-05 21:15:20.709.
	 Executed 3 tests, with 0 failures (0 unexpected) in 0.021 (0.022) seconds
Test Suite 'Selected tests' passed at 2026-10-05 21:15:20.709.
	 Executed 3 tests, with 0 failures (0 unexpected) in 0.021 (0.023) seconds
