============================= test session starts ==============================
platform darwin -- Python 3.11.15, pytest-8.4.2, pluggy-1.6.0
benchmark: 5.2.3 (defaults: timer=time.perf_counter disable_gc=False min_rounds=5 min_time=0.000005 max_time=1.0 calibration_precision=10 warmup=False warmup_iterations=100000)
rootdir: /private/tmp/cuadrao-apple-name-backend-20261005
configfile: pyproject.toml
plugins: benchmark-5.2.3, mock-3.15.1, Faker-30.10.0, asyncio-1.4.0, hypothesis-6.151.12, langsmith-0.7.31, respx-0.23.1, cov-7.0.0, anyio-4.13.0
asyncio: mode=Mode.STRICT, debug=False, asyncio_default_fixture_loop_scope=None, asyncio_default_test_loop_scope=function
collected 81 items

tests/test_apple_name_postgres.py ....................................   [ 44%]
tests/test_apple_name_deletion_postgres.py ....                          [ 49%]
tests/test_apple_name_api_postgres.py .                                  [ 50%]
tests/test_profile_currency_api_postgres.py .                            [ 51%]
tests/test_apple_identity_postgres.py ............                       [ 66%]
tests/test_account_deletion_apple_admission_postgres.py ................ [ 86%]
...........                                                              [100%]

=============================== warnings summary ===============================
tests/test_account_deletion_apple_admission_postgres.py: 27 warnings
  /private/tmp/cuadrao-scipy-env-20261005/lib/python3.11/site-packages/psycopg_pool/pool.py:134: DeprecationWarning: the default for the ConnectionPool 'open' parameter will become 'False' in a future release. Please use open={True|False} explicitly, or use the pool as context manager using: `with ConnectionPool(...) as pool: ...`
    warnings.warn(

-- Docs: https://docs.pytest.org/en/stable/how-to/capture-warnings.html
======================= 81 passed, 27 warnings in 8.60s ========================
