$ tsc --noEmit && vite build
vite v6.4.1 building for production...
transforming...
✓ 1726 modules transformed.
rendering chunks...
computing gzip size...
dist/index.html                               0.62 kB │ gzip:  0.38 kB
dist/assets/AssistantDrawer-C6yL_LUn.css      1.42 kB │ gzip:  0.58 kB
dist/assets/DepositsPage-Cu-YFuLQ.css         2.02 kB │ gzip:  0.72 kB
dist/assets/index-Czhu_Pr-.css                2.99 kB │ gzip:  0.98 kB
dist/assets/index-tOQCIBu2.css                4.12 kB │ gzip:  1.15 kB
dist/assets/index-CkFlQiWA.css                4.28 kB │ gzip:  1.31 kB
dist/assets/index-zW9XZHO7.css                6.61 kB │ gzip:  1.69 kB
dist/assets/index-C7dATb99.css                7.90 kB │ gzip:  1.74 kB
dist/assets/index-DAHI1HrD.css               45.85 kB │ gzip:  9.12 kB
dist/assets/check-ETYAwrZG.js                 0.30 kB │ gzip:  0.25 kB
dist/assets/refresh-cw-VnyJK46D.js            0.49 kB │ gzip:  0.33 kB
dist/assets/plus-Daggops5.js                  0.73 kB │ gzip:  0.38 kB
dist/assets/SavedAssistantPage-B3wlGDrc.js    2.02 kB │ gzip:  1.00 kB
dist/assets/AssistantDrawer-XskJKqRu.js      10.11 kB │ gzip:  3.17 kB
dist/assets/index-DnELIqeA.js                39.82 kB │ gzip: 11.30 kB
dist/assets/index-C9JXoqVD.js                42.33 kB │ gzip: 12.50 kB
dist/assets/DepositsPage-pk3XDgdU.js         44.01 kB │ gzip: 13.60 kB
dist/assets/index-CHdYORgg.js                44.89 kB │ gzip: 13.52 kB
dist/assets/index-DrxhcG4l.js                46.30 kB │ gzip: 11.40 kB
dist/assets/index-hxYLvpfx.js                57.68 kB │ gzip: 14.34 kB
dist/assets/index-D0PDtGRl.js               327.47 kB │ gzip: 98.05 kB
✓ built in 734ms
